<!doctype html public "-//w3c//dtd html 4.0 transitional//en">
<html><head>
<title>Static Call Graph - [.\bin\RTOSDemo.axf]</title></head>
<body><HR>
<H1>Static Call Graph for image .\bin\RTOSDemo.axf</H1><HR>
<BR><P>#&#060CALLGRAPH&#062# ARM Linker, 5060750: Last Updated: Thu Sep 22 21:34:51 2022
<BR><P>
<H3>Maximum Stack Usage =        176 bytes + Unknown(Functions without stacksize, Cycles, Untraceable Function Pointers)</H3><H3>
Call chain for Maximum Stack Depth:</H3>
main &rArr; vTaskStartScheduler &rArr; xTaskPeriodicCreate &rArr; pvPortMalloc &rArr; xTaskResumeAll &rArr; xTaskIncrementTick &rArr; xTaskGetTickCount &rArr; vPortExitCritical
<P>
<H3>
Functions with no stack information
</H3><UL>
 <LI><a href="#[3]">Reset_Handler</a>
 <LI><a href="#[ac]">__user_initial_stackheap</a>
 <LI><a href="#[d]">vUART_ISREntry</a>
 <LI><a href="#[95]">vPortStartFirstTask</a>
 <LI><a href="#[45]">vPortYield</a>
 <LI><a href="#[5]">vPortYieldProcessor</a>
 <LI><a href="#[15]">vPreemptiveTick</a>
 <LI><a href="#[4]">Undef_Handler</a>
 <LI><a href="#[6]">PAbt_Handler</a>
 <LI><a href="#[7]">DAbt_Handler</a>
 <LI><a href="#[8]">IRQ_Handler</a>
 <LI><a href="#[9]">FIQ_Handler</a>
</UL>
</UL>
<P>
<H3>
Mutually Recursive functions
</H3> <LI><a href="#[4]">Undef_Handler</a>&nbsp;&nbsp;&nbsp;&rArr;&nbsp;&nbsp;&nbsp;<a href="#[4]">Undef_Handler</a><BR>
 <LI><a href="#[6]">PAbt_Handler</a>&nbsp;&nbsp;&nbsp;&rArr;&nbsp;&nbsp;&nbsp;<a href="#[6]">PAbt_Handler</a><BR>
 <LI><a href="#[7]">DAbt_Handler</a>&nbsp;&nbsp;&nbsp;&rArr;&nbsp;&nbsp;&nbsp;<a href="#[7]">DAbt_Handler</a><BR>
 <LI><a href="#[8]">IRQ_Handler</a>&nbsp;&nbsp;&nbsp;&rArr;&nbsp;&nbsp;&nbsp;<a href="#[8]">IRQ_Handler</a><BR>
 <LI><a href="#[9]">FIQ_Handler</a>&nbsp;&nbsp;&nbsp;&rArr;&nbsp;&nbsp;&nbsp;<a href="#[9]">FIQ_Handler</a><BR>
</UL>
<P>
<H3>
Function Pointers
</H3><UL>
 <LI><a href="#[e]">Button_1_Monitor</a> from main.o(.text) referenced from main.o(.text)
 <LI><a href="#[f]">Button_2_Monitor</a> from main.o(.text) referenced from main.o(.text)
 <LI><a href="#[7]">DAbt_Handler</a> from startup.o(RESET) referenced from startup.o(RESET)
 <LI><a href="#[9]">FIQ_Handler</a> from startup.o(RESET) referenced from startup.o(RESET)
 <LI><a href="#[8]">IRQ_Handler</a> from startup.o(RESET) referenced from startup.o(RESET)
 <LI><a href="#[12]">Load_1_Simulation</a> from main.o(.text) referenced from main.o(.text)
 <LI><a href="#[13]">Load_2_Simulation</a> from main.o(.text) referenced from main.o(.text)
 <LI><a href="#[6]">PAbt_Handler</a> from startup.o(RESET) referenced from startup.o(RESET)
 <LI><a href="#[3]">Reset_Handler</a> from startup.o(RESET) referenced from startup.o(RESET)
 <LI><a href="#[10]">Task_Transmitter</a> from main.o(.text) referenced from main.o(.text)
 <LI><a href="#[11]">Uart_Receiver</a> from main.o(.text) referenced from main.o(.text)
 <LI><a href="#[4]">Undef_Handler</a> from startup.o(RESET) referenced from startup.o(RESET)
 <LI><a href="#[1a]">__main</a> from __main.o(!!!main) referenced from startup.o(RESET)
 <LI><a href="#[17]">_printf_input_char</a> from _printf_char_common.o(.text) referenced from _printf_char_common.o(.text)
 <LI><a href="#[16]">_sputc</a> from _sputc.o(.text) referenced from noretval__2sprintf.o(.text)
 <LI><a href="#[b]">main</a> from main.o(.text) referenced from __rtentry2.o(.ARM.Collect$$rtentry$$0000000D)
 <LI><a href="#[14]">prvIdleTask</a> from tasks.o(.text) referenced from tasks.o(.text)
 <LI><a href="#[5]">vPortYieldProcessor</a> from portasm.o(PORT_ASM) referenced from startup.o(RESET)
 <LI><a href="#[15]">vPreemptiveTick</a> from portasm.o(PORT_ASM) referenced from port.o(.text)
 <LI><a href="#[18]">vTaskSwitchContext</a> from tasks.o(.text) referenced from portasm.o(PORT_ASM)
 <LI><a href="#[d]">vUART_ISREntry</a> from serialisr.o(.text) referenced from serial.o(.text)
 <LI><a href="#[c]">vUART_ISRHandler</a> from serial.o(.text) referenced from serialisr.o(.text)
 <LI><a href="#[19]">xTaskIncrementTick</a> from tasks.o(.text) referenced from portasm.o(PORT_ASM)
</UL>
<P>
<H3>
Global Symbols
</H3>
<P><STRONG><a name="[3]"></a>Reset_Handler</STRONG> (ARM, 0 bytes, Stack size unknown bytes, startup.o(RESET))
<BR>[Address Reference Count : 1]<UL><LI> startup.o(RESET)
</UL>
<P><STRONG><a name="[1a]"></a>__main</STRONG> (ARM, 8 bytes, Stack size 0 bytes, __main.o(!!!main))
<BR><BR>[Calls]<UL><LI><a href="#[1c]">&gt;&gt;</a>&nbsp;&nbsp;&nbsp;__rt_entry
<LI><a href="#[1b]">&gt;&gt;</a>&nbsp;&nbsp;&nbsp;__scatterload
</UL>

<P><STRONG><a name="[1b]"></a>__scatterload</STRONG> (ARM, 0 bytes, Stack size unknown bytes, __scatter.o(!!!scatter))
<BR><BR>[Called By]<UL><LI><a href="#[1a]">&gt;&gt;</a>&nbsp;&nbsp;&nbsp;__main
</UL>

<P><STRONG><a name="[1d]"></a>__scatterload_rt2</STRONG> (ARM, 52 bytes, Stack size unknown bytes, __scatter.o(!!!scatter), UNUSED)
<BR><BR>[Calls]<UL><LI><a href="#[1c]">&gt;&gt;</a>&nbsp;&nbsp;&nbsp;__rt_entry
</UL>

<P><STRONG><a name="[b7]"></a>__scatterload_null</STRONG> (ARM, 0 bytes, Stack size unknown bytes, __scatter.o(!!!scatter), UNUSED)

<P><STRONG><a name="[b8]"></a>__decompress</STRONG> (ARM, 68 bytes, Stack size unknown bytes, __dczerorl.o(!!dczerorl), UNUSED)

<P><STRONG><a name="[b9]"></a>__decompress0</STRONG> (ARM, 0 bytes, Stack size unknown bytes, __dczerorl.o(!!dczerorl), UNUSED)

<P><STRONG><a name="[ba]"></a>__scatterload_zeroinit</STRONG> (ARM, 44 bytes, Stack size unknown bytes, __scatter_zi.o(!!handler_zi), UNUSED)

<P><STRONG><a name="[9a]"></a>_printf_percent</STRONG> (ARM, 0 bytes, Stack size unknown bytes, _printf_percent.o(.ARM.Collect$$_printf_percent$$00000000))
<BR><BR>[Called By]<UL><LI><a href="#[99]">&gt;&gt;</a>&nbsp;&nbsp;&nbsp;__printf (via Veneer)
</UL>

<P><STRONG><a name="[1e]"></a>_printf_u</STRONG> (ARM, 0 bytes, Stack size unknown bytes, _printf_u.o(.ARM.Collect$$_printf_percent$$0000000A))
<BR><BR>[Stack]<UL><LI>Max Depth = 72 + Unknown Stack Size
<LI>Call Chain = _printf_u &rArr; _printf_int_dec &rArr; _printf_int_common
</UL>
<BR>[Calls]<UL><LI><a href="#[1f]">&gt;&gt;</a>&nbsp;&nbsp;&nbsp;_printf_int_dec (via Veneer)
</UL>

<P><STRONG><a name="[20]"></a>_printf_c</STRONG> (ARM, 0 bytes, Stack size unknown bytes, _printf_c.o(.ARM.Collect$$_printf_percent$$00000013))
<BR><BR>[Stack]<UL><LI>Max Depth = 24 + Unknown Stack Size
<LI>Call Chain = _printf_c &rArr; _printf_char &rArr; _printf_cs_common &rArr; _printf_str
</UL>
<BR>[Calls]<UL><LI><a href="#[21]">&gt;&gt;</a>&nbsp;&nbsp;&nbsp;_printf_char (via Veneer)
</UL>

<P><STRONG><a name="[bb]"></a>_printf_percent_end</STRONG> (ARM, 0 bytes, Stack size unknown bytes, _printf_percent_end.o(.ARM.Collect$$_printf_percent$$00000017))

<P><STRONG><a name="[25]"></a>__rt_lib_init</STRONG> (Thumb, 0 bytes, Stack size unknown bytes, libinit.o(.ARM.Collect$$libinit$$00000000))
<BR><BR>[Called By]<UL><LI><a href="#[24]">&gt;&gt;</a>&nbsp;&nbsp;&nbsp;__rt_entry_li (via Veneer)
</UL>

<P><STRONG><a name="[bc]"></a>__rt_lib_init_alloca_1</STRONG> (Thumb, 0 bytes, Stack size unknown bytes, libinit2.o(.ARM.Collect$$libinit$$0000002E))

<P><STRONG><a name="[bd]"></a>__rt_lib_init_argv_1</STRONG> (Thumb, 0 bytes, Stack size unknown bytes, libinit2.o(.ARM.Collect$$libinit$$0000002C))

<P><STRONG><a name="[be]"></a>__rt_lib_init_atexit_1</STRONG> (Thumb, 0 bytes, Stack size unknown bytes, libinit2.o(.ARM.Collect$$libinit$$0000001B))

<P><STRONG><a name="[bf]"></a>__rt_lib_init_clock_1</STRONG> (Thumb, 0 bytes, Stack size unknown bytes, libinit2.o(.ARM.Collect$$libinit$$00000021))

<P><STRONG><a name="[c0]"></a>__rt_lib_init_cpp_1</STRONG> (Thumb, 0 bytes, Stack size unknown bytes, libinit2.o(.ARM.Collect$$libinit$$00000032))

<P><STRONG><a name="[c1]"></a>__rt_lib_init_exceptions_1</STRONG> (Thumb, 0 bytes, Stack size unknown bytes, libinit2.o(.ARM.Collect$$libinit$$00000030))

<P><STRONG><a name="[c2]"></a>__rt_lib_init_fp_1</STRONG> (Thumb, 0 bytes, Stack size unknown bytes, libinit2.o(.ARM.Collect$$libinit$$00000002))

<P><STRONG><a name="[c3]"></a>__rt_lib_init_fp_trap_1</STRONG> (Thumb, 0 bytes, Stack size unknown bytes, libinit2.o(.ARM.Collect$$libinit$$0000001F))

<P><STRONG><a name="[c4]"></a>__rt_lib_init_getenv_1</STRONG> (Thumb, 0 bytes, Stack size unknown bytes, libinit2.o(.ARM.Collect$$libinit$$00000023))

<P><STRONG><a name="[c5]"></a>__rt_lib_init_heap_1</STRONG> (Thumb, 0 bytes, Stack size unknown bytes, libinit2.o(.ARM.Collect$$libinit$$0000000A))

<P><STRONG><a name="[c6]"></a>__rt_lib_init_lc_collate_1</STRONG> (Thumb, 0 bytes, Stack size unknown bytes, libinit2.o(.ARM.Collect$$libinit$$00000011))

<P><STRONG><a name="[c7]"></a>__rt_lib_init_lc_ctype_1</STRONG> (Thumb, 0 bytes, Stack size unknown bytes, libinit2.o(.ARM.Collect$$libinit$$00000013))

<P><STRONG><a name="[c8]"></a>__rt_lib_init_lc_monetary_1</STRONG> (Thumb, 0 bytes, Stack size unknown bytes, libinit2.o(.ARM.Collect$$libinit$$00000015))

<P><STRONG><a name="[c9]"></a>__rt_lib_init_lc_numeric_1</STRONG> (Thumb, 0 bytes, Stack size unknown bytes, libinit2.o(.ARM.Collect$$libinit$$00000017))

<P><STRONG><a name="[ca]"></a>__rt_lib_init_lc_time_1</STRONG> (Thumb, 0 bytes, Stack size unknown bytes, libinit2.o(.ARM.Collect$$libinit$$00000019))

<P><STRONG><a name="[cb]"></a>__rt_lib_init_preinit_1</STRONG> (Thumb, 0 bytes, Stack size unknown bytes, libinit2.o(.ARM.Collect$$libinit$$00000004))

<P><STRONG><a name="[cc]"></a>__rt_lib_init_rand_1</STRONG> (Thumb, 0 bytes, Stack size unknown bytes, libinit2.o(.ARM.Collect$$libinit$$0000000E))

<P><STRONG><a name="[cd]"></a>__rt_lib_init_return</STRONG> (Thumb, 0 bytes, Stack size unknown bytes, libinit2.o(.ARM.Collect$$libinit$$00000033))

<P><STRONG><a name="[ce]"></a>__rt_lib_init_signal_1</STRONG> (Thumb, 0 bytes, Stack size unknown bytes, libinit2.o(.ARM.Collect$$libinit$$0000001D))

<P><STRONG><a name="[cf]"></a>__rt_lib_init_stdio_1</STRONG> (Thumb, 0 bytes, Stack size unknown bytes, libinit2.o(.ARM.Collect$$libinit$$00000025))

<P><STRONG><a name="[d0]"></a>__rt_lib_init_user_alloc_1</STRONG> (Thumb, 0 bytes, Stack size unknown bytes, libinit2.o(.ARM.Collect$$libinit$$0000000C))

<P><STRONG><a name="[29]"></a>__rt_lib_shutdown</STRONG> (Thumb, 0 bytes, Stack size unknown bytes, libshutdown.o(.ARM.Collect$$libshutdown$$00000000))
<BR><BR>[Called By]<UL><LI><a href="#[28]">&gt;&gt;</a>&nbsp;&nbsp;&nbsp;__rt_exit_ls (via Veneer)
</UL>

<P><STRONG><a name="[d1]"></a>__rt_lib_shutdown_cpp_1</STRONG> (Thumb, 0 bytes, Stack size unknown bytes, libshutdown2.o(.ARM.Collect$$libshutdown$$00000002))

<P><STRONG><a name="[d2]"></a>__rt_lib_shutdown_fp_trap_1</STRONG> (Thumb, 0 bytes, Stack size unknown bytes, libshutdown2.o(.ARM.Collect$$libshutdown$$00000007))

<P><STRONG><a name="[d3]"></a>__rt_lib_shutdown_heap_1</STRONG> (Thumb, 0 bytes, Stack size unknown bytes, libshutdown2.o(.ARM.Collect$$libshutdown$$0000000F))

<P><STRONG><a name="[d4]"></a>__rt_lib_shutdown_return</STRONG> (Thumb, 0 bytes, Stack size unknown bytes, libshutdown2.o(.ARM.Collect$$libshutdown$$00000010))

<P><STRONG><a name="[d5]"></a>__rt_lib_shutdown_signal_1</STRONG> (Thumb, 0 bytes, Stack size unknown bytes, libshutdown2.o(.ARM.Collect$$libshutdown$$0000000A))

<P><STRONG><a name="[d6]"></a>__rt_lib_shutdown_stdio_1</STRONG> (Thumb, 0 bytes, Stack size unknown bytes, libshutdown2.o(.ARM.Collect$$libshutdown$$00000004))

<P><STRONG><a name="[d7]"></a>__rt_lib_shutdown_user_alloc_1</STRONG> (Thumb, 0 bytes, Stack size unknown bytes, libshutdown2.o(.ARM.Collect$$libshutdown$$0000000C))

<P><STRONG><a name="[1c]"></a>__rt_entry</STRONG> (ARM, 0 bytes, Stack size unknown bytes, __rtentry.o(.ARM.Collect$$rtentry$$00000000))
<BR><BR>[Called By]<UL><LI><a href="#[1a]">&gt;&gt;</a>&nbsp;&nbsp;&nbsp;__main
<LI><a href="#[1d]">&gt;&gt;</a>&nbsp;&nbsp;&nbsp;__scatterload_rt2
</UL>

<P><STRONG><a name="[d8]"></a>__rt_entry_presh_1</STRONG> (ARM, 0 bytes, Stack size unknown bytes, __rtentry2.o(.ARM.Collect$$rtentry$$00000002))

<P><STRONG><a name="[22]"></a>__rt_entry_sh</STRONG> (ARM, 0 bytes, Stack size unknown bytes, __rtentry4.o(.ARM.Collect$$rtentry$$00000004))
<BR><BR>[Stack]<UL><LI>Max Depth = 8 + Unknown Stack Size
<LI>Call Chain = __rt_entry_sh &rArr; __user_setup_stackheap
</UL>
<BR>[Calls]<UL><LI><a href="#[23]">&gt;&gt;</a>&nbsp;&nbsp;&nbsp;__user_setup_stackheap
</UL>

<P><STRONG><a name="[24]"></a>__rt_entry_li</STRONG> (ARM, 0 bytes, Stack size unknown bytes, __rtentry2.o(.ARM.Collect$$rtentry$$0000000A))
<BR><BR>[Calls]<UL><LI><a href="#[25]">&gt;&gt;</a>&nbsp;&nbsp;&nbsp;__rt_lib_init (via Veneer)
</UL>

<P><STRONG><a name="[d9]"></a>__rt_entry_postsh_1</STRONG> (ARM, 0 bytes, Stack size unknown bytes, __rtentry2.o(.ARM.Collect$$rtentry$$00000009))

<P><STRONG><a name="[26]"></a>__rt_entry_main</STRONG> (ARM, 0 bytes, Stack size unknown bytes, __rtentry2.o(.ARM.Collect$$rtentry$$0000000D))
<BR><BR>[Stack]<UL><LI>Max Depth = 8 + Unknown Stack Size
<LI>Call Chain = __rt_entry_main &rArr; exit
</UL>
<BR>[Calls]<UL><LI><a href="#[27]">&gt;&gt;</a>&nbsp;&nbsp;&nbsp;exit (via BX)
</UL>

<P><STRONG><a name="[da]"></a>__rt_entry_postli_1</STRONG> (ARM, 0 bytes, Stack size unknown bytes, __rtentry2.o(.ARM.Collect$$rtentry$$0000000C))

<P><STRONG><a name="[ae]"></a>__rt_exit</STRONG> (ARM, 0 bytes, Stack size unknown bytes, rtexit.o(.ARM.Collect$$rtexit$$00000000))
<BR><BR>[Called By]<UL><LI><a href="#[27]">&gt;&gt;</a>&nbsp;&nbsp;&nbsp;exit (via Veneer)
</UL>

<P><STRONG><a name="[28]"></a>__rt_exit_ls</STRONG> (ARM, 0 bytes, Stack size unknown bytes, rtexit2.o(.ARM.Collect$$rtexit$$00000003))
<BR><BR>[Calls]<UL><LI><a href="#[29]">&gt;&gt;</a>&nbsp;&nbsp;&nbsp;__rt_lib_shutdown (via Veneer)
</UL>

<P><STRONG><a name="[db]"></a>__rt_exit_prels_1</STRONG> (ARM, 0 bytes, Stack size unknown bytes, rtexit2.o(.ARM.Collect$$rtexit$$00000002))

<P><STRONG><a name="[2a]"></a>__rt_exit_exit</STRONG> (ARM, 0 bytes, Stack size unknown bytes, rtexit2.o(.ARM.Collect$$rtexit$$00000004))
<BR><BR>[Calls]<UL><LI><a href="#[2b]">&gt;&gt;</a>&nbsp;&nbsp;&nbsp;_sys_exit (via Veneer)
</UL>

<P><STRONG><a name="[ac]"></a>__user_initial_stackheap</STRONG> (ARM, 0 bytes, Stack size unknown bytes, startup.o(.text))
<BR><BR>[Called By]<UL><LI><a href="#[23]">&gt;&gt;</a>&nbsp;&nbsp;&nbsp;__user_setup_stackheap
</UL>

<P><STRONG><a name="[d]"></a>vUART_ISREntry</STRONG> (ARM, 0 bytes, Stack size unknown bytes, serialisr.o(.text))
<BR>[Address Reference Count : 1]<UL><LI> serial.o(.text)
</UL>
<P><STRONG><a name="[38]"></a>GPIO_init</STRONG> (Thumb, 198 bytes, Stack size 0 bytes, gpio.o(.text))
<BR><BR>[Called By]<UL><LI><a href="#[37]">&gt;&gt;</a>&nbsp;&nbsp;&nbsp;prvSetupHardware
</UL>

<P><STRONG><a name="[36]"></a>GPIO_read</STRONG> (Thumb, 40 bytes, Stack size 0 bytes, gpio.o(.text))
<BR><BR>[Called By]<UL><LI><a href="#[e]">&gt;&gt;</a>&nbsp;&nbsp;&nbsp;Button_1_Monitor
<LI><a href="#[f]">&gt;&gt;</a>&nbsp;&nbsp;&nbsp;Button_2_Monitor
</UL>

<P><STRONG><a name="[33]"></a>GPIO_write</STRONG> (Thumb, 96 bytes, Stack size 4 bytes, gpio.o(.text))
<BR><BR>[Stack]<UL><LI>Max Depth = 4<LI>Call Chain = GPIO_write
</UL>
<BR>[Called By]<UL><LI><a href="#[18]">&gt;&gt;</a>&nbsp;&nbsp;&nbsp;vTaskSwitchContext
<LI><a href="#[3c]">&gt;&gt;</a>&nbsp;&nbsp;&nbsp;vTaskStartScheduler
<LI><a href="#[3e]">&gt;&gt;</a>&nbsp;&nbsp;&nbsp;vApplicationTickHook
<LI><a href="#[3d]">&gt;&gt;</a>&nbsp;&nbsp;&nbsp;vApplicationIdleHook
<LI><a href="#[e]">&gt;&gt;</a>&nbsp;&nbsp;&nbsp;Button_1_Monitor
<LI><a href="#[f]">&gt;&gt;</a>&nbsp;&nbsp;&nbsp;Button_2_Monitor
<LI><a href="#[10]">&gt;&gt;</a>&nbsp;&nbsp;&nbsp;Task_Transmitter
<LI><a href="#[11]">&gt;&gt;</a>&nbsp;&nbsp;&nbsp;Uart_Receiver
<LI><a href="#[12]">&gt;&gt;</a>&nbsp;&nbsp;&nbsp;Load_1_Simulation
<LI><a href="#[13]">&gt;&gt;</a>&nbsp;&nbsp;&nbsp;Load_2_Simulation
</UL>

<P><STRONG><a name="[2c]"></a>xSerialPortInitMinimal</STRONG> (Thumb, 124 bytes, Stack size 16 bytes, serial.o(.text))
<BR><BR>[Stack]<UL><LI>Max Depth = 16 + Unknown Stack Size
<LI>Call Chain = xSerialPortInitMinimal
</UL>
<BR>[Calls]<UL><LI><a href="#[2d]">&gt;&gt;</a>&nbsp;&nbsp;&nbsp;__aeabi_uidivmod (via Veneer)
</UL>
<BR>[Called By]<UL><LI><a href="#[37]">&gt;&gt;</a>&nbsp;&nbsp;&nbsp;prvSetupHardware
</UL>

<P><STRONG><a name="[dc]"></a>xSerialGetChar</STRONG> (Thumb, 34 bytes, Stack size 0 bytes, serial.o(.text), UNUSED)

<P><STRONG><a name="[2f]"></a>xSerialPutChar</STRONG> (Thumb, 6 bytes, Stack size 0 bytes, serial.o(.text))
<BR><BR>[Called By]<UL><LI><a href="#[2e]">&gt;&gt;</a>&nbsp;&nbsp;&nbsp;vSerialPutString
</UL>

<P><STRONG><a name="[2e]"></a>vSerialPutString</STRONG> (Thumb, 84 bytes, Stack size 16 bytes, serial.o(.text))
<BR><BR>[Stack]<UL><LI>Max Depth = 16<LI>Call Chain = vSerialPutString
</UL>
<BR>[Calls]<UL><LI><a href="#[2f]">&gt;&gt;</a>&nbsp;&nbsp;&nbsp;xSerialPutChar
</UL>
<BR>[Called By]<UL><LI><a href="#[11]">&gt;&gt;</a>&nbsp;&nbsp;&nbsp;Uart_Receiver
</UL>

<P><STRONG><a name="[c]"></a>vUART_ISRHandler</STRONG> (Thumb, 120 bytes, Stack size 4 bytes, serial.o(.text))
<BR><BR>[Stack]<UL><LI>Max Depth = 4<LI>Call Chain = vUART_ISRHandler
</UL>
<BR>[Address Reference Count : 1]<UL><LI> serialisr.o(.text)
</UL>
<P><STRONG><a name="[13]"></a>Load_2_Simulation</STRONG> (Thumb, 52 bytes, Stack size 8 bytes, main.o(.text))
<BR><BR>[Stack]<UL><LI>Max Depth = 96 + Unknown Stack Size
<LI>Call Chain = Load_2_Simulation &rArr; xTaskDelayUntil &rArr; xTaskResumeAll &rArr; xTaskIncrementTick &rArr; xTaskGetTickCount &rArr; vPortExitCritical
</UL>
<BR>[Calls]<UL><LI><a href="#[30]">&gt;&gt;</a>&nbsp;&nbsp;&nbsp;xTaskGetTickCount
<LI><a href="#[32]">&gt;&gt;</a>&nbsp;&nbsp;&nbsp;xTaskDelayUntil
<LI><a href="#[31]">&gt;&gt;</a>&nbsp;&nbsp;&nbsp;vTaskSetApplicationTaskTag
<LI><a href="#[33]">&gt;&gt;</a>&nbsp;&nbsp;&nbsp;GPIO_write
</UL>
<BR>[Address Reference Count : 1]<UL><LI> main.o(.text)
</UL>
<P><STRONG><a name="[12]"></a>Load_1_Simulation</STRONG> (Thumb, 52 bytes, Stack size 8 bytes, main.o(.text))
<BR><BR>[Stack]<UL><LI>Max Depth = 96 + Unknown Stack Size
<LI>Call Chain = Load_1_Simulation &rArr; xTaskDelayUntil &rArr; xTaskResumeAll &rArr; xTaskIncrementTick &rArr; xTaskGetTickCount &rArr; vPortExitCritical
</UL>
<BR>[Calls]<UL><LI><a href="#[30]">&gt;&gt;</a>&nbsp;&nbsp;&nbsp;xTaskGetTickCount
<LI><a href="#[32]">&gt;&gt;</a>&nbsp;&nbsp;&nbsp;xTaskDelayUntil
<LI><a href="#[31]">&gt;&gt;</a>&nbsp;&nbsp;&nbsp;vTaskSetApplicationTaskTag
<LI><a href="#[33]">&gt;&gt;</a>&nbsp;&nbsp;&nbsp;GPIO_write
</UL>
<BR>[Address Reference Count : 1]<UL><LI> main.o(.text)
</UL>
<P><STRONG><a name="[11]"></a>Uart_Receiver</STRONG> (Thumb, 210 bytes, Stack size 16 bytes, main.o(.text))
<BR><BR>[Stack]<UL><LI>Max Depth = 112 + Unknown Stack Size
<LI>Call Chain = Uart_Receiver &rArr; xQueueReceive &rArr; xTaskResumeAll &rArr; xTaskIncrementTick &rArr; xTaskGetTickCount &rArr; vPortExitCritical
</UL>
<BR>[Calls]<UL><LI><a href="#[30]">&gt;&gt;</a>&nbsp;&nbsp;&nbsp;xTaskGetTickCount
<LI><a href="#[32]">&gt;&gt;</a>&nbsp;&nbsp;&nbsp;xTaskDelayUntil
<LI><a href="#[34]">&gt;&gt;</a>&nbsp;&nbsp;&nbsp;xQueueReceive
<LI><a href="#[31]">&gt;&gt;</a>&nbsp;&nbsp;&nbsp;vTaskSetApplicationTaskTag
<LI><a href="#[2e]">&gt;&gt;</a>&nbsp;&nbsp;&nbsp;vSerialPutString
<LI><a href="#[33]">&gt;&gt;</a>&nbsp;&nbsp;&nbsp;GPIO_write
</UL>
<BR>[Address Reference Count : 1]<UL><LI> main.o(.text)
</UL>
<P><STRONG><a name="[10]"></a>Task_Transmitter</STRONG> (Thumb, 68 bytes, Stack size 8 bytes, main.o(.text))
<BR><BR>[Stack]<UL><LI>Max Depth = 112 + Unknown Stack Size
<LI>Call Chain = Task_Transmitter &rArr; xQueueGenericSend &rArr; xTaskResumeAll &rArr; xTaskIncrementTick &rArr; xTaskGetTickCount &rArr; vPortExitCritical
</UL>
<BR>[Calls]<UL><LI><a href="#[30]">&gt;&gt;</a>&nbsp;&nbsp;&nbsp;xTaskGetTickCount
<LI><a href="#[32]">&gt;&gt;</a>&nbsp;&nbsp;&nbsp;xTaskDelayUntil
<LI><a href="#[35]">&gt;&gt;</a>&nbsp;&nbsp;&nbsp;xQueueGenericSend
<LI><a href="#[31]">&gt;&gt;</a>&nbsp;&nbsp;&nbsp;vTaskSetApplicationTaskTag
<LI><a href="#[33]">&gt;&gt;</a>&nbsp;&nbsp;&nbsp;GPIO_write
</UL>
<BR>[Address Reference Count : 1]<UL><LI> main.o(.text)
</UL>
<P><STRONG><a name="[f]"></a>Button_2_Monitor</STRONG> (Thumb, 160 bytes, Stack size 8 bytes, main.o(.text))
<BR><BR>[Stack]<UL><LI>Max Depth = 112 + Unknown Stack Size
<LI>Call Chain = Button_2_Monitor &rArr; xQueueGenericSend &rArr; xTaskResumeAll &rArr; xTaskIncrementTick &rArr; xTaskGetTickCount &rArr; vPortExitCritical
</UL>
<BR>[Calls]<UL><LI><a href="#[30]">&gt;&gt;</a>&nbsp;&nbsp;&nbsp;xTaskGetTickCount
<LI><a href="#[32]">&gt;&gt;</a>&nbsp;&nbsp;&nbsp;xTaskDelayUntil
<LI><a href="#[35]">&gt;&gt;</a>&nbsp;&nbsp;&nbsp;xQueueGenericSend
<LI><a href="#[31]">&gt;&gt;</a>&nbsp;&nbsp;&nbsp;vTaskSetApplicationTaskTag
<LI><a href="#[33]">&gt;&gt;</a>&nbsp;&nbsp;&nbsp;GPIO_write
<LI><a href="#[36]">&gt;&gt;</a>&nbsp;&nbsp;&nbsp;GPIO_read
</UL>
<BR>[Address Reference Count : 1]<UL><LI> main.o(.text)
</UL>
<P><STRONG><a name="[e]"></a>Button_1_Monitor</STRONG> (Thumb, 160 bytes, Stack size 8 bytes, main.o(.text))
<BR><BR>[Stack]<UL><LI>Max Depth = 112 + Unknown Stack Size
<LI>Call Chain = Button_1_Monitor &rArr; xQueueGenericSend &rArr; xTaskResumeAll &rArr; xTaskIncrementTick &rArr; xTaskGetTickCount &rArr; vPortExitCritical
</UL>
<BR>[Calls]<UL><LI><a href="#[30]">&gt;&gt;</a>&nbsp;&nbsp;&nbsp;xTaskGetTickCount
<LI><a href="#[32]">&gt;&gt;</a>&nbsp;&nbsp;&nbsp;xTaskDelayUntil
<LI><a href="#[35]">&gt;&gt;</a>&nbsp;&nbsp;&nbsp;xQueueGenericSend
<LI><a href="#[31]">&gt;&gt;</a>&nbsp;&nbsp;&nbsp;vTaskSetApplicationTaskTag
<LI><a href="#[33]">&gt;&gt;</a>&nbsp;&nbsp;&nbsp;GPIO_write
<LI><a href="#[36]">&gt;&gt;</a>&nbsp;&nbsp;&nbsp;GPIO_read
</UL>
<BR>[Address Reference Count : 1]<UL><LI> main.o(.text)
</UL>
<P><STRONG><a name="[b]"></a>main</STRONG> (Thumb, 200 bytes, Stack size 16 bytes, main.o(.text))
<BR><BR>[Stack]<UL><LI>Max Depth = 176 + Unknown Stack Size
<LI>Call Chain = main &rArr; vTaskStartScheduler &rArr; xTaskPeriodicCreate &rArr; pvPortMalloc &rArr; xTaskResumeAll &rArr; xTaskIncrementTick &rArr; xTaskGetTickCount &rArr; vPortExitCritical
</UL>
<BR>[Calls]<UL><LI><a href="#[3b]">&gt;&gt;</a>&nbsp;&nbsp;&nbsp;xTaskPeriodicCreate
<LI><a href="#[3a]">&gt;&gt;</a>&nbsp;&nbsp;&nbsp;xQueueGenericCreate
<LI><a href="#[3c]">&gt;&gt;</a>&nbsp;&nbsp;&nbsp;vTaskStartScheduler
<LI><a href="#[37]">&gt;&gt;</a>&nbsp;&nbsp;&nbsp;prvSetupHardware
</UL>
<BR>[Address Reference Count : 1]<UL><LI> __rtentry2.o(.ARM.Collect$$rtentry$$0000000D)
</UL>
<P><STRONG><a name="[dd]"></a>timer1Reset</STRONG> (Thumb, 26 bytes, Stack size 0 bytes, main.o(.text), UNUSED)

<P><STRONG><a name="[3d]"></a>vApplicationIdleHook</STRONG> (Thumb, 232 bytes, Stack size 8 bytes, main.o(.text))
<BR><BR>[Stack]<UL><LI>Max Depth = 12<LI>Call Chain = vApplicationIdleHook &rArr; GPIO_write
</UL>
<BR>[Calls]<UL><LI><a href="#[33]">&gt;&gt;</a>&nbsp;&nbsp;&nbsp;GPIO_write
</UL>
<BR>[Called By]<UL><LI><a href="#[14]">&gt;&gt;</a>&nbsp;&nbsp;&nbsp;prvIdleTask
</UL>

<P><STRONG><a name="[3e]"></a>vApplicationTickHook</STRONG> (Thumb, 28 bytes, Stack size 8 bytes, main.o(.text))
<BR><BR>[Stack]<UL><LI>Max Depth = 12<LI>Call Chain = vApplicationTickHook &rArr; GPIO_write
</UL>
<BR>[Calls]<UL><LI><a href="#[33]">&gt;&gt;</a>&nbsp;&nbsp;&nbsp;GPIO_write
</UL>
<BR>[Called By]<UL><LI><a href="#[19]">&gt;&gt;</a>&nbsp;&nbsp;&nbsp;xTaskIncrementTick
</UL>

<P><STRONG><a name="[30]"></a>xTaskGetTickCount</STRONG> (Thumb, 22 bytes, Stack size 8 bytes, tasks.o(.text))
<BR><BR>[Stack]<UL><LI>Max Depth = 16<LI>Call Chain = xTaskGetTickCount &rArr; vPortExitCritical
</UL>
<BR>[Calls]<UL><LI><a href="#[44]">&gt;&gt;</a>&nbsp;&nbsp;&nbsp;vPortExitCritical
<LI><a href="#[42]">&gt;&gt;</a>&nbsp;&nbsp;&nbsp;vPortEnterCritical
</UL>
<BR>[Called By]<UL><LI><a href="#[19]">&gt;&gt;</a>&nbsp;&nbsp;&nbsp;xTaskIncrementTick
<LI><a href="#[14]">&gt;&gt;</a>&nbsp;&nbsp;&nbsp;prvIdleTask
<LI><a href="#[3b]">&gt;&gt;</a>&nbsp;&nbsp;&nbsp;xTaskPeriodicCreate
<LI><a href="#[e]">&gt;&gt;</a>&nbsp;&nbsp;&nbsp;Button_1_Monitor
<LI><a href="#[f]">&gt;&gt;</a>&nbsp;&nbsp;&nbsp;Button_2_Monitor
<LI><a href="#[10]">&gt;&gt;</a>&nbsp;&nbsp;&nbsp;Task_Transmitter
<LI><a href="#[11]">&gt;&gt;</a>&nbsp;&nbsp;&nbsp;Uart_Receiver
<LI><a href="#[12]">&gt;&gt;</a>&nbsp;&nbsp;&nbsp;Load_1_Simulation
<LI><a href="#[13]">&gt;&gt;</a>&nbsp;&nbsp;&nbsp;Load_2_Simulation
</UL>

<P><STRONG><a name="[3b]"></a>xTaskPeriodicCreate</STRONG> (Thumb, 110 bytes, Stack size 56 bytes, tasks.o(.text))
<BR><BR>[Stack]<UL><LI>Max Depth = 136 + Unknown Stack Size
<LI>Call Chain = xTaskPeriodicCreate &rArr; pvPortMalloc &rArr; xTaskResumeAll &rArr; xTaskIncrementTick &rArr; xTaskGetTickCount &rArr; vPortExitCritical
</UL>
<BR>[Calls]<UL><LI><a href="#[4b]">&gt;&gt;</a>&nbsp;&nbsp;&nbsp;vPortFree
<LI><a href="#[4a]">&gt;&gt;</a>&nbsp;&nbsp;&nbsp;pvPortMalloc
<LI><a href="#[46]">&gt;&gt;</a>&nbsp;&nbsp;&nbsp;prvInitialiseNewTask
<LI><a href="#[41]">&gt;&gt;</a>&nbsp;&nbsp;&nbsp;prvAddNewTaskToReadyList
<LI><a href="#[30]">&gt;&gt;</a>&nbsp;&nbsp;&nbsp;xTaskGetTickCount
</UL>
<BR>[Called By]<UL><LI><a href="#[3c]">&gt;&gt;</a>&nbsp;&nbsp;&nbsp;vTaskStartScheduler
<LI><a href="#[b]">&gt;&gt;</a>&nbsp;&nbsp;&nbsp;main
</UL>

<P><STRONG><a name="[4c]"></a>xTaskCreate</STRONG> (Thumb, 96 bytes, Stack size 56 bytes, tasks.o(.text), UNUSED)
<BR><BR>[Calls]<UL><LI><a href="#[4b]">&gt;&gt;</a>&nbsp;&nbsp;&nbsp;vPortFree
<LI><a href="#[4a]">&gt;&gt;</a>&nbsp;&nbsp;&nbsp;pvPortMalloc
<LI><a href="#[46]">&gt;&gt;</a>&nbsp;&nbsp;&nbsp;prvInitialiseNewTask
<LI><a href="#[41]">&gt;&gt;</a>&nbsp;&nbsp;&nbsp;prvAddNewTaskToReadyList
</UL>

<P><STRONG><a name="[4e]"></a>vTaskDelete</STRONG> (Thumb, 138 bytes, Stack size 16 bytes, tasks.o(.text), UNUSED)
<BR><BR>[Calls]<UL><LI><a href="#[45]">&gt;&gt;</a>&nbsp;&nbsp;&nbsp;vPortYield (via Veneer)
<LI><a href="#[44]">&gt;&gt;</a>&nbsp;&nbsp;&nbsp;vPortExitCritical
<LI><a href="#[42]">&gt;&gt;</a>&nbsp;&nbsp;&nbsp;vPortEnterCritical
<LI><a href="#[50]">&gt;&gt;</a>&nbsp;&nbsp;&nbsp;vListInsertEnd
<LI><a href="#[4f]">&gt;&gt;</a>&nbsp;&nbsp;&nbsp;uxListRemove
<LI><a href="#[51]">&gt;&gt;</a>&nbsp;&nbsp;&nbsp;prvResetNextTaskUnblockTime
<LI><a href="#[4d]">&gt;&gt;</a>&nbsp;&nbsp;&nbsp;prvDeleteTCB
</UL>

<P><STRONG><a name="[19]"></a>xTaskIncrementTick</STRONG> (Thumb, 392 bytes, Stack size 24 bytes, tasks.o(.text))
<BR><BR>[Stack]<UL><LI>Max Depth = 40<LI>Call Chain = xTaskIncrementTick &rArr; xTaskGetTickCount &rArr; vPortExitCritical
</UL>
<BR>[Calls]<UL><LI><a href="#[43]">&gt;&gt;</a>&nbsp;&nbsp;&nbsp;vListInsert
<LI><a href="#[51]">&gt;&gt;</a>&nbsp;&nbsp;&nbsp;prvResetNextTaskUnblockTime
<LI><a href="#[30]">&gt;&gt;</a>&nbsp;&nbsp;&nbsp;xTaskGetTickCount
<LI><a href="#[3e]">&gt;&gt;</a>&nbsp;&nbsp;&nbsp;vApplicationTickHook
</UL>
<BR>[Called By]<UL><LI><a href="#[52]">&gt;&gt;</a>&nbsp;&nbsp;&nbsp;xTaskResumeAll
</UL>
<BR>[Address Reference Count : 1]<UL><LI> portasm.o(PORT_ASM)
</UL>
<P><STRONG><a name="[52]"></a>xTaskResumeAll</STRONG> (Thumb, 232 bytes, Stack size 16 bytes, tasks.o(.text))
<BR><BR>[Stack]<UL><LI>Max Depth = 56 + Unknown Stack Size
<LI>Call Chain = xTaskResumeAll &rArr; xTaskIncrementTick &rArr; xTaskGetTickCount &rArr; vPortExitCritical
</UL>
<BR>[Calls]<UL><LI><a href="#[45]">&gt;&gt;</a>&nbsp;&nbsp;&nbsp;vPortYield (via Veneer)
<LI><a href="#[44]">&gt;&gt;</a>&nbsp;&nbsp;&nbsp;vPortExitCritical
<LI><a href="#[42]">&gt;&gt;</a>&nbsp;&nbsp;&nbsp;vPortEnterCritical
<LI><a href="#[43]">&gt;&gt;</a>&nbsp;&nbsp;&nbsp;vListInsert
<LI><a href="#[19]">&gt;&gt;</a>&nbsp;&nbsp;&nbsp;xTaskIncrementTick
<LI><a href="#[51]">&gt;&gt;</a>&nbsp;&nbsp;&nbsp;prvResetNextTaskUnblockTime
</UL>
<BR>[Called By]<UL><LI><a href="#[8e]">&gt;&gt;</a>&nbsp;&nbsp;&nbsp;xQueuePeek
<LI><a href="#[8d]">&gt;&gt;</a>&nbsp;&nbsp;&nbsp;xQueueSemaphoreTake
<LI><a href="#[4b]">&gt;&gt;</a>&nbsp;&nbsp;&nbsp;vPortFree
<LI><a href="#[4a]">&gt;&gt;</a>&nbsp;&nbsp;&nbsp;pvPortMalloc
<LI><a href="#[69]">&gt;&gt;</a>&nbsp;&nbsp;&nbsp;xTaskCatchUpTicks
<LI><a href="#[68]">&gt;&gt;</a>&nbsp;&nbsp;&nbsp;uxTaskGetSystemState
<LI><a href="#[65]">&gt;&gt;</a>&nbsp;&nbsp;&nbsp;vTaskGetInfo
<LI><a href="#[55]">&gt;&gt;</a>&nbsp;&nbsp;&nbsp;vTaskDelay
<LI><a href="#[32]">&gt;&gt;</a>&nbsp;&nbsp;&nbsp;xTaskDelayUntil
<LI><a href="#[34]">&gt;&gt;</a>&nbsp;&nbsp;&nbsp;xQueueReceive
<LI><a href="#[35]">&gt;&gt;</a>&nbsp;&nbsp;&nbsp;xQueueGenericSend
</UL>

<P><STRONG><a name="[54]"></a>vTaskSuspendAll</STRONG> (Thumb, 12 bytes, Stack size 0 bytes, tasks.o(.text))
<BR><BR>[Called By]<UL><LI><a href="#[8e]">&gt;&gt;</a>&nbsp;&nbsp;&nbsp;xQueuePeek
<LI><a href="#[8d]">&gt;&gt;</a>&nbsp;&nbsp;&nbsp;xQueueSemaphoreTake
<LI><a href="#[4b]">&gt;&gt;</a>&nbsp;&nbsp;&nbsp;vPortFree
<LI><a href="#[4a]">&gt;&gt;</a>&nbsp;&nbsp;&nbsp;pvPortMalloc
<LI><a href="#[69]">&gt;&gt;</a>&nbsp;&nbsp;&nbsp;xTaskCatchUpTicks
<LI><a href="#[68]">&gt;&gt;</a>&nbsp;&nbsp;&nbsp;uxTaskGetSystemState
<LI><a href="#[65]">&gt;&gt;</a>&nbsp;&nbsp;&nbsp;vTaskGetInfo
<LI><a href="#[55]">&gt;&gt;</a>&nbsp;&nbsp;&nbsp;vTaskDelay
<LI><a href="#[32]">&gt;&gt;</a>&nbsp;&nbsp;&nbsp;xTaskDelayUntil
<LI><a href="#[34]">&gt;&gt;</a>&nbsp;&nbsp;&nbsp;xQueueReceive
<LI><a href="#[35]">&gt;&gt;</a>&nbsp;&nbsp;&nbsp;xQueueGenericSend
</UL>

<P><STRONG><a name="[32]"></a>xTaskDelayUntil</STRONG> (Thumb, 98 bytes, Stack size 32 bytes, tasks.o(.text))
<BR><BR>[Stack]<UL><LI>Max Depth = 88 + Unknown Stack Size
<LI>Call Chain = xTaskDelayUntil &rArr; xTaskResumeAll &rArr; xTaskIncrementTick &rArr; xTaskGetTickCount &rArr; vPortExitCritical
</UL>
<BR>[Calls]<UL><LI><a href="#[45]">&gt;&gt;</a>&nbsp;&nbsp;&nbsp;vPortYield (via Veneer)
<LI><a href="#[54]">&gt;&gt;</a>&nbsp;&nbsp;&nbsp;vTaskSuspendAll
<LI><a href="#[52]">&gt;&gt;</a>&nbsp;&nbsp;&nbsp;xTaskResumeAll
<LI><a href="#[53]">&gt;&gt;</a>&nbsp;&nbsp;&nbsp;prvAddCurrentTaskToDelayedList
</UL>
<BR>[Called By]<UL><LI><a href="#[e]">&gt;&gt;</a>&nbsp;&nbsp;&nbsp;Button_1_Monitor
<LI><a href="#[f]">&gt;&gt;</a>&nbsp;&nbsp;&nbsp;Button_2_Monitor
<LI><a href="#[10]">&gt;&gt;</a>&nbsp;&nbsp;&nbsp;Task_Transmitter
<LI><a href="#[11]">&gt;&gt;</a>&nbsp;&nbsp;&nbsp;Uart_Receiver
<LI><a href="#[12]">&gt;&gt;</a>&nbsp;&nbsp;&nbsp;Load_1_Simulation
<LI><a href="#[13]">&gt;&gt;</a>&nbsp;&nbsp;&nbsp;Load_2_Simulation
</UL>

<P><STRONG><a name="[55]"></a>vTaskDelay</STRONG> (Thumb, 42 bytes, Stack size 16 bytes, tasks.o(.text), UNUSED)
<BR><BR>[Calls]<UL><LI><a href="#[45]">&gt;&gt;</a>&nbsp;&nbsp;&nbsp;vPortYield (via Veneer)
<LI><a href="#[54]">&gt;&gt;</a>&nbsp;&nbsp;&nbsp;vTaskSuspendAll
<LI><a href="#[52]">&gt;&gt;</a>&nbsp;&nbsp;&nbsp;xTaskResumeAll
<LI><a href="#[53]">&gt;&gt;</a>&nbsp;&nbsp;&nbsp;prvAddCurrentTaskToDelayedList
</UL>

<P><STRONG><a name="[56]"></a>eTaskGetState</STRONG> (Thumb, 126 bytes, Stack size 32 bytes, tasks.o(.text), UNUSED)
<BR><BR>[Calls]<UL><LI><a href="#[44]">&gt;&gt;</a>&nbsp;&nbsp;&nbsp;vPortExitCritical
<LI><a href="#[42]">&gt;&gt;</a>&nbsp;&nbsp;&nbsp;vPortEnterCritical
</UL>
<BR>[Called By]<UL><LI><a href="#[65]">&gt;&gt;</a>&nbsp;&nbsp;&nbsp;vTaskGetInfo
</UL>

<P><STRONG><a name="[57]"></a>uxTaskPriorityGet</STRONG> (Thumb, 36 bytes, Stack size 16 bytes, tasks.o(.text), UNUSED)
<BR><BR>[Calls]<UL><LI><a href="#[44]">&gt;&gt;</a>&nbsp;&nbsp;&nbsp;vPortExitCritical
<LI><a href="#[42]">&gt;&gt;</a>&nbsp;&nbsp;&nbsp;vPortEnterCritical
</UL>

<P><STRONG><a name="[de]"></a>uxTaskPriorityGetFromISR</STRONG> (Thumb, 26 bytes, Stack size 4 bytes, tasks.o(.text), UNUSED)

<P><STRONG><a name="[58]"></a>vTaskPrioritySet</STRONG> (Thumb, 164 bytes, Stack size 32 bytes, tasks.o(.text), UNUSED)
<BR><BR>[Calls]<UL><LI><a href="#[45]">&gt;&gt;</a>&nbsp;&nbsp;&nbsp;vPortYield (via Veneer)
<LI><a href="#[44]">&gt;&gt;</a>&nbsp;&nbsp;&nbsp;vPortExitCritical
<LI><a href="#[42]">&gt;&gt;</a>&nbsp;&nbsp;&nbsp;vPortEnterCritical
<LI><a href="#[43]">&gt;&gt;</a>&nbsp;&nbsp;&nbsp;vListInsert
<LI><a href="#[4f]">&gt;&gt;</a>&nbsp;&nbsp;&nbsp;uxListRemove
</UL>

<P><STRONG><a name="[18]"></a>vTaskSwitchContext</STRONG> (Thumb, 666 bytes, Stack size 16 bytes, tasks.o(.text))
<BR><BR>[Stack]<UL><LI>Max Depth = 32<LI>Call Chain = vTaskSwitchContext &rArr; __aeabi_f2iz
</UL>
<BR>[Calls]<UL><LI><a href="#[59]">&gt;&gt;</a>&nbsp;&nbsp;&nbsp;__aeabi_i2f (via Veneer)
<LI><a href="#[5b]">&gt;&gt;</a>&nbsp;&nbsp;&nbsp;__aeabi_f2iz (via Veneer)
<LI><a href="#[5a]">&gt;&gt;</a>&nbsp;&nbsp;&nbsp;__aeabi_fdiv (via Veneer)
<LI><a href="#[33]">&gt;&gt;</a>&nbsp;&nbsp;&nbsp;GPIO_write
</UL>
<BR>[Called By]<UL><LI><a href="#[5c]">&gt;&gt;</a>&nbsp;&nbsp;&nbsp;vTaskSuspend
</UL>
<BR>[Address Reference Count : 1]<UL><LI> portasm.o(PORT_ASM)
</UL>
<P><STRONG><a name="[5c]"></a>vTaskSuspend</STRONG> (Thumb, 154 bytes, Stack size 16 bytes, tasks.o(.text), UNUSED)
<BR><BR>[Calls]<UL><LI><a href="#[45]">&gt;&gt;</a>&nbsp;&nbsp;&nbsp;vPortYield (via Veneer)
<LI><a href="#[44]">&gt;&gt;</a>&nbsp;&nbsp;&nbsp;vPortExitCritical
<LI><a href="#[42]">&gt;&gt;</a>&nbsp;&nbsp;&nbsp;vPortEnterCritical
<LI><a href="#[50]">&gt;&gt;</a>&nbsp;&nbsp;&nbsp;vListInsertEnd
<LI><a href="#[4f]">&gt;&gt;</a>&nbsp;&nbsp;&nbsp;uxListRemove
<LI><a href="#[18]">&gt;&gt;</a>&nbsp;&nbsp;&nbsp;vTaskSwitchContext
<LI><a href="#[51]">&gt;&gt;</a>&nbsp;&nbsp;&nbsp;prvResetNextTaskUnblockTime
</UL>

<P><STRONG><a name="[5d]"></a>vTaskResume</STRONG> (Thumb, 72 bytes, Stack size 16 bytes, tasks.o(.text), UNUSED)
<BR><BR>[Calls]<UL><LI><a href="#[45]">&gt;&gt;</a>&nbsp;&nbsp;&nbsp;vPortYield (via Veneer)
<LI><a href="#[44]">&gt;&gt;</a>&nbsp;&nbsp;&nbsp;vPortExitCritical
<LI><a href="#[42]">&gt;&gt;</a>&nbsp;&nbsp;&nbsp;vPortEnterCritical
<LI><a href="#[43]">&gt;&gt;</a>&nbsp;&nbsp;&nbsp;vListInsert
<LI><a href="#[4f]">&gt;&gt;</a>&nbsp;&nbsp;&nbsp;uxListRemove
<LI><a href="#[5e]">&gt;&gt;</a>&nbsp;&nbsp;&nbsp;prvTaskIsTaskSuspended
</UL>

<P><STRONG><a name="[5f]"></a>xTaskResumeFromISR</STRONG> (Thumb, 82 bytes, Stack size 24 bytes, tasks.o(.text), UNUSED)
<BR><BR>[Calls]<UL><LI><a href="#[50]">&gt;&gt;</a>&nbsp;&nbsp;&nbsp;vListInsertEnd
<LI><a href="#[43]">&gt;&gt;</a>&nbsp;&nbsp;&nbsp;vListInsert
<LI><a href="#[4f]">&gt;&gt;</a>&nbsp;&nbsp;&nbsp;uxListRemove
<LI><a href="#[5e]">&gt;&gt;</a>&nbsp;&nbsp;&nbsp;prvTaskIsTaskSuspended
</UL>

<P><STRONG><a name="[3c]"></a>vTaskStartScheduler</STRONG> (Thumb, 250 bytes, Stack size 24 bytes, tasks.o(.text))
<BR><BR>[Stack]<UL><LI>Max Depth = 160 + Unknown Stack Size
<LI>Call Chain = vTaskStartScheduler &rArr; xTaskPeriodicCreate &rArr; pvPortMalloc &rArr; xTaskResumeAll &rArr; xTaskIncrementTick &rArr; xTaskGetTickCount &rArr; vPortExitCritical
</UL>
<BR>[Calls]<UL><LI><a href="#[62]">&gt;&gt;</a>&nbsp;&nbsp;&nbsp;xPortStartScheduler
<LI><a href="#[61]">&gt;&gt;</a>&nbsp;&nbsp;&nbsp;__ARM_common_disable_irq (via Veneer)
<LI><a href="#[3b]">&gt;&gt;</a>&nbsp;&nbsp;&nbsp;xTaskPeriodicCreate
<LI><a href="#[33]">&gt;&gt;</a>&nbsp;&nbsp;&nbsp;GPIO_write
</UL>
<BR>[Called By]<UL><LI><a href="#[b]">&gt;&gt;</a>&nbsp;&nbsp;&nbsp;main
</UL>

<P><STRONG><a name="[63]"></a>vTaskEndScheduler</STRONG> (Thumb, 22 bytes, Stack size 8 bytes, tasks.o(.text), UNUSED)
<BR><BR>[Calls]<UL><LI><a href="#[64]">&gt;&gt;</a>&nbsp;&nbsp;&nbsp;vPortEndScheduler
<LI><a href="#[61]">&gt;&gt;</a>&nbsp;&nbsp;&nbsp;__ARM_common_disable_irq (via Veneer)
</UL>

<P><STRONG><a name="[df]"></a>xTaskGetTickCountFromISR</STRONG> (Thumb, 8 bytes, Stack size 0 bytes, tasks.o(.text), UNUSED)

<P><STRONG><a name="[e0]"></a>uxTaskGetNumberOfTasks</STRONG> (Thumb, 6 bytes, Stack size 0 bytes, tasks.o(.text), UNUSED)

<P><STRONG><a name="[e1]"></a>pcTaskGetName</STRONG> (Thumb, 22 bytes, Stack size 0 bytes, tasks.o(.text), UNUSED)

<P><STRONG><a name="[65]"></a>vTaskGetInfo</STRONG> (Thumb, 132 bytes, Stack size 40 bytes, tasks.o(.text), UNUSED)
<BR><BR>[Calls]<UL><LI><a href="#[56]">&gt;&gt;</a>&nbsp;&nbsp;&nbsp;eTaskGetState
<LI><a href="#[54]">&gt;&gt;</a>&nbsp;&nbsp;&nbsp;vTaskSuspendAll
<LI><a href="#[52]">&gt;&gt;</a>&nbsp;&nbsp;&nbsp;xTaskResumeAll
<LI><a href="#[66]">&gt;&gt;</a>&nbsp;&nbsp;&nbsp;prvTaskCheckFreeStackSpace
</UL>
<BR>[Called By]<UL><LI><a href="#[67]">&gt;&gt;</a>&nbsp;&nbsp;&nbsp;prvListTasksWithinSingleList
</UL>

<P><STRONG><a name="[68]"></a>uxTaskGetSystemState</STRONG> (Thumb, 144 bytes, Stack size 32 bytes, tasks.o(.text), UNUSED)
<BR><BR>[Calls]<UL><LI><a href="#[54]">&gt;&gt;</a>&nbsp;&nbsp;&nbsp;vTaskSuspendAll
<LI><a href="#[52]">&gt;&gt;</a>&nbsp;&nbsp;&nbsp;xTaskResumeAll
<LI><a href="#[67]">&gt;&gt;</a>&nbsp;&nbsp;&nbsp;prvListTasksWithinSingleList
</UL>
<BR>[Called By]<UL><LI><a href="#[7a]">&gt;&gt;</a>&nbsp;&nbsp;&nbsp;vTaskGetRunTimeStats
<LI><a href="#[77]">&gt;&gt;</a>&nbsp;&nbsp;&nbsp;vTaskList
</UL>

<P><STRONG><a name="[69]"></a>xTaskCatchUpTicks</STRONG> (Thumb, 32 bytes, Stack size 16 bytes, tasks.o(.text), UNUSED)
<BR><BR>[Calls]<UL><LI><a href="#[54]">&gt;&gt;</a>&nbsp;&nbsp;&nbsp;vTaskSuspendAll
<LI><a href="#[52]">&gt;&gt;</a>&nbsp;&nbsp;&nbsp;xTaskResumeAll
</UL>

<P><STRONG><a name="[31]"></a>vTaskSetApplicationTaskTag</STRONG> (Thumb, 34 bytes, Stack size 16 bytes, tasks.o(.text))
<BR><BR>[Stack]<UL><LI>Max Depth = 24<LI>Call Chain = vTaskSetApplicationTaskTag &rArr; vPortExitCritical
</UL>
<BR>[Calls]<UL><LI><a href="#[44]">&gt;&gt;</a>&nbsp;&nbsp;&nbsp;vPortExitCritical
<LI><a href="#[42]">&gt;&gt;</a>&nbsp;&nbsp;&nbsp;vPortEnterCritical
</UL>
<BR>[Called By]<UL><LI><a href="#[e]">&gt;&gt;</a>&nbsp;&nbsp;&nbsp;Button_1_Monitor
<LI><a href="#[f]">&gt;&gt;</a>&nbsp;&nbsp;&nbsp;Button_2_Monitor
<LI><a href="#[10]">&gt;&gt;</a>&nbsp;&nbsp;&nbsp;Task_Transmitter
<LI><a href="#[11]">&gt;&gt;</a>&nbsp;&nbsp;&nbsp;Uart_Receiver
<LI><a href="#[12]">&gt;&gt;</a>&nbsp;&nbsp;&nbsp;Load_1_Simulation
<LI><a href="#[13]">&gt;&gt;</a>&nbsp;&nbsp;&nbsp;Load_2_Simulation
</UL>

<P><STRONG><a name="[6a]"></a>xTaskGetApplicationTaskTag</STRONG> (Thumb, 36 bytes, Stack size 16 bytes, tasks.o(.text), UNUSED)
<BR><BR>[Calls]<UL><LI><a href="#[44]">&gt;&gt;</a>&nbsp;&nbsp;&nbsp;vPortExitCritical
<LI><a href="#[42]">&gt;&gt;</a>&nbsp;&nbsp;&nbsp;vPortEnterCritical
</UL>

<P><STRONG><a name="[e2]"></a>xTaskGetApplicationTaskTagFromISR</STRONG> (Thumb, 26 bytes, Stack size 4 bytes, tasks.o(.text), UNUSED)

<P><STRONG><a name="[6b]"></a>xTaskCallApplicationTaskHook</STRONG> (Thumb, 46 bytes, Stack size 24 bytes, tasks.o(.text), UNUSED)
<BR><BR>[Calls]<UL><LI><a href="#[6c]">&gt;&gt;</a>&nbsp;&nbsp;&nbsp;__ARM_common_call_via_r1
</UL>

<P><STRONG><a name="[6d]"></a>vTaskPlaceOnEventList</STRONG> (Thumb, 128 bytes, Stack size 16 bytes, tasks.o(.text))
<BR><BR>[Stack]<UL><LI>Max Depth = 44<LI>Call Chain = vTaskPlaceOnEventList &rArr; prvAddCurrentTaskToDelayedList &rArr; vListInsert
</UL>
<BR>[Calls]<UL><LI><a href="#[43]">&gt;&gt;</a>&nbsp;&nbsp;&nbsp;vListInsert
<LI><a href="#[53]">&gt;&gt;</a>&nbsp;&nbsp;&nbsp;prvAddCurrentTaskToDelayedList
</UL>
<BR>[Called By]<UL><LI><a href="#[8e]">&gt;&gt;</a>&nbsp;&nbsp;&nbsp;xQueuePeek
<LI><a href="#[8d]">&gt;&gt;</a>&nbsp;&nbsp;&nbsp;xQueueSemaphoreTake
<LI><a href="#[34]">&gt;&gt;</a>&nbsp;&nbsp;&nbsp;xQueueReceive
<LI><a href="#[35]">&gt;&gt;</a>&nbsp;&nbsp;&nbsp;xQueueGenericSend
</UL>

<P><STRONG><a name="[6e]"></a>vTaskPlaceOnUnorderedEventList</STRONG> (Thumb, 80 bytes, Stack size 16 bytes, tasks.o(.text), UNUSED)
<BR><BR>[Calls]<UL><LI><a href="#[53]">&gt;&gt;</a>&nbsp;&nbsp;&nbsp;prvAddCurrentTaskToDelayedList
</UL>

<P><STRONG><a name="[6f]"></a>xTaskRemoveFromEventList</STRONG> (Thumb, 166 bytes, Stack size 16 bytes, tasks.o(.text))
<BR><BR>[Stack]<UL><LI>Max Depth = 20<LI>Call Chain = xTaskRemoveFromEventList &rArr; vListInsert
</UL>
<BR>[Calls]<UL><LI><a href="#[43]">&gt;&gt;</a>&nbsp;&nbsp;&nbsp;vListInsert
</UL>
<BR>[Called By]<UL><LI><a href="#[8f]">&gt;&gt;</a>&nbsp;&nbsp;&nbsp;xQueueReceiveFromISR
<LI><a href="#[8e]">&gt;&gt;</a>&nbsp;&nbsp;&nbsp;xQueuePeek
<LI><a href="#[8d]">&gt;&gt;</a>&nbsp;&nbsp;&nbsp;xQueueSemaphoreTake
<LI><a href="#[8a]">&gt;&gt;</a>&nbsp;&nbsp;&nbsp;xQueueGiveFromISR
<LI><a href="#[89]">&gt;&gt;</a>&nbsp;&nbsp;&nbsp;xQueueGenericSendFromISR
<LI><a href="#[82]">&gt;&gt;</a>&nbsp;&nbsp;&nbsp;xQueueGenericReset
<LI><a href="#[84]">&gt;&gt;</a>&nbsp;&nbsp;&nbsp;prvUnlockQueue
<LI><a href="#[34]">&gt;&gt;</a>&nbsp;&nbsp;&nbsp;xQueueReceive
<LI><a href="#[35]">&gt;&gt;</a>&nbsp;&nbsp;&nbsp;xQueueGenericSend
</UL>

<P><STRONG><a name="[70]"></a>vTaskRemoveFromUnorderedEventList</STRONG> (Thumb, 118 bytes, Stack size 16 bytes, tasks.o(.text), UNUSED)
<BR><BR>[Calls]<UL><LI><a href="#[43]">&gt;&gt;</a>&nbsp;&nbsp;&nbsp;vListInsert
</UL>

<P><STRONG><a name="[71]"></a>vTaskSetTimeOutState</STRONG> (Thumb, 30 bytes, Stack size 8 bytes, tasks.o(.text), UNUSED)
<BR><BR>[Calls]<UL><LI><a href="#[44]">&gt;&gt;</a>&nbsp;&nbsp;&nbsp;vPortExitCritical
<LI><a href="#[42]">&gt;&gt;</a>&nbsp;&nbsp;&nbsp;vPortEnterCritical
</UL>

<P><STRONG><a name="[73]"></a>vTaskInternalSetTimeOutState</STRONG> (Thumb, 14 bytes, Stack size 0 bytes, tasks.o(.text))
<BR><BR>[Called By]<UL><LI><a href="#[8e]">&gt;&gt;</a>&nbsp;&nbsp;&nbsp;xQueuePeek
<LI><a href="#[8d]">&gt;&gt;</a>&nbsp;&nbsp;&nbsp;xQueueSemaphoreTake
<LI><a href="#[72]">&gt;&gt;</a>&nbsp;&nbsp;&nbsp;xTaskCheckForTimeOut
<LI><a href="#[34]">&gt;&gt;</a>&nbsp;&nbsp;&nbsp;xQueueReceive
<LI><a href="#[35]">&gt;&gt;</a>&nbsp;&nbsp;&nbsp;xQueueGenericSend
</UL>

<P><STRONG><a name="[72]"></a>xTaskCheckForTimeOut</STRONG> (Thumb, 94 bytes, Stack size 16 bytes, tasks.o(.text))
<BR><BR>[Stack]<UL><LI>Max Depth = 24<LI>Call Chain = xTaskCheckForTimeOut &rArr; vPortExitCritical
</UL>
<BR>[Calls]<UL><LI><a href="#[44]">&gt;&gt;</a>&nbsp;&nbsp;&nbsp;vPortExitCritical
<LI><a href="#[42]">&gt;&gt;</a>&nbsp;&nbsp;&nbsp;vPortEnterCritical
<LI><a href="#[73]">&gt;&gt;</a>&nbsp;&nbsp;&nbsp;vTaskInternalSetTimeOutState
</UL>
<BR>[Called By]<UL><LI><a href="#[8e]">&gt;&gt;</a>&nbsp;&nbsp;&nbsp;xQueuePeek
<LI><a href="#[8d]">&gt;&gt;</a>&nbsp;&nbsp;&nbsp;xQueueSemaphoreTake
<LI><a href="#[34]">&gt;&gt;</a>&nbsp;&nbsp;&nbsp;xQueueReceive
<LI><a href="#[35]">&gt;&gt;</a>&nbsp;&nbsp;&nbsp;xQueueGenericSend
</UL>

<P><STRONG><a name="[85]"></a>vTaskMissedYield</STRONG> (Thumb, 8 bytes, Stack size 0 bytes, tasks.o(.text))
<BR><BR>[Called By]<UL><LI><a href="#[84]">&gt;&gt;</a>&nbsp;&nbsp;&nbsp;prvUnlockQueue
</UL>

<P><STRONG><a name="[e3]"></a>uxTaskGetTaskNumber</STRONG> (Thumb, 16 bytes, Stack size 0 bytes, tasks.o(.text), UNUSED)

<P><STRONG><a name="[e4]"></a>vTaskSetTaskNumber</STRONG> (Thumb, 10 bytes, Stack size 0 bytes, tasks.o(.text), UNUSED)

<P><STRONG><a name="[77]"></a>vTaskList</STRONG> (Thumb, 190 bytes, Stack size 32 bytes, tasks.o(.text), UNUSED)
<BR><BR>[Calls]<UL><LI><a href="#[76]">&gt;&gt;</a>&nbsp;&nbsp;&nbsp;strlen
<LI><a href="#[79]">&gt;&gt;</a>&nbsp;&nbsp;&nbsp;__2sprintf
<LI><a href="#[4b]">&gt;&gt;</a>&nbsp;&nbsp;&nbsp;vPortFree
<LI><a href="#[4a]">&gt;&gt;</a>&nbsp;&nbsp;&nbsp;pvPortMalloc
<LI><a href="#[78]">&gt;&gt;</a>&nbsp;&nbsp;&nbsp;__ARM_common_switch8 (via Veneer)
<LI><a href="#[68]">&gt;&gt;</a>&nbsp;&nbsp;&nbsp;uxTaskGetSystemState
<LI><a href="#[74]">&gt;&gt;</a>&nbsp;&nbsp;&nbsp;prvWriteNameToBuffer
</UL>

<P><STRONG><a name="[7a]"></a>vTaskGetRunTimeStats</STRONG> (Thumb, 166 bytes, Stack size 32 bytes, tasks.o(.text), UNUSED)
<BR><BR>[Calls]<UL><LI><a href="#[2d]">&gt;&gt;</a>&nbsp;&nbsp;&nbsp;__aeabi_uidivmod (via Veneer)
<LI><a href="#[76]">&gt;&gt;</a>&nbsp;&nbsp;&nbsp;strlen
<LI><a href="#[79]">&gt;&gt;</a>&nbsp;&nbsp;&nbsp;__2sprintf
<LI><a href="#[4b]">&gt;&gt;</a>&nbsp;&nbsp;&nbsp;vPortFree
<LI><a href="#[4a]">&gt;&gt;</a>&nbsp;&nbsp;&nbsp;pvPortMalloc
<LI><a href="#[68]">&gt;&gt;</a>&nbsp;&nbsp;&nbsp;uxTaskGetSystemState
<LI><a href="#[74]">&gt;&gt;</a>&nbsp;&nbsp;&nbsp;prvWriteNameToBuffer
</UL>

<P><STRONG><a name="[e5]"></a>uxTaskResetEventItemValue</STRONG> (Thumb, 24 bytes, Stack size 0 bytes, tasks.o(.text), UNUSED)

<P><STRONG><a name="[7b]"></a>ulTaskGenericNotifyTake</STRONG> (Thumb, 198 bytes, Stack size 24 bytes, tasks.o(.text), UNUSED)
<BR><BR>[Calls]<UL><LI><a href="#[45]">&gt;&gt;</a>&nbsp;&nbsp;&nbsp;vPortYield (via Veneer)
<LI><a href="#[44]">&gt;&gt;</a>&nbsp;&nbsp;&nbsp;vPortExitCritical
<LI><a href="#[42]">&gt;&gt;</a>&nbsp;&nbsp;&nbsp;vPortEnterCritical
<LI><a href="#[53]">&gt;&gt;</a>&nbsp;&nbsp;&nbsp;prvAddCurrentTaskToDelayedList
</UL>

<P><STRONG><a name="[7c]"></a>xTaskGenericNotifyWait</STRONG> (Thumb, 152 bytes, Stack size 40 bytes, tasks.o(.text), UNUSED)
<BR><BR>[Calls]<UL><LI><a href="#[45]">&gt;&gt;</a>&nbsp;&nbsp;&nbsp;vPortYield (via Veneer)
<LI><a href="#[44]">&gt;&gt;</a>&nbsp;&nbsp;&nbsp;vPortExitCritical
<LI><a href="#[42]">&gt;&gt;</a>&nbsp;&nbsp;&nbsp;vPortEnterCritical
<LI><a href="#[53]">&gt;&gt;</a>&nbsp;&nbsp;&nbsp;prvAddCurrentTaskToDelayedList
</UL>

<P><STRONG><a name="[7d]"></a>xTaskGenericNotify</STRONG> (Thumb, 226 bytes, Stack size 48 bytes, tasks.o(.text), UNUSED)
<BR><BR>[Calls]<UL><LI><a href="#[45]">&gt;&gt;</a>&nbsp;&nbsp;&nbsp;vPortYield (via Veneer)
<LI><a href="#[44]">&gt;&gt;</a>&nbsp;&nbsp;&nbsp;vPortExitCritical
<LI><a href="#[42]">&gt;&gt;</a>&nbsp;&nbsp;&nbsp;vPortEnterCritical
<LI><a href="#[43]">&gt;&gt;</a>&nbsp;&nbsp;&nbsp;vListInsert
<LI><a href="#[78]">&gt;&gt;</a>&nbsp;&nbsp;&nbsp;__ARM_common_switch8 (via Veneer)
</UL>

<P><STRONG><a name="[7e]"></a>xTaskGenericNotifyFromISR</STRONG> (Thumb, 280 bytes, Stack size 48 bytes, tasks.o(.text), UNUSED)
<BR><BR>[Calls]<UL><LI><a href="#[43]">&gt;&gt;</a>&nbsp;&nbsp;&nbsp;vListInsert
<LI><a href="#[78]">&gt;&gt;</a>&nbsp;&nbsp;&nbsp;__ARM_common_switch8 (via Veneer)
</UL>

<P><STRONG><a name="[7f]"></a>vTaskGenericNotifyGiveFromISR</STRONG> (Thumb, 172 bytes, Stack size 32 bytes, tasks.o(.text), UNUSED)
<BR><BR>[Calls]<UL><LI><a href="#[43]">&gt;&gt;</a>&nbsp;&nbsp;&nbsp;vListInsert
</UL>

<P><STRONG><a name="[80]"></a>xTaskGenericNotifyStateClear</STRONG> (Thumb, 60 bytes, Stack size 24 bytes, tasks.o(.text), UNUSED)
<BR><BR>[Calls]<UL><LI><a href="#[44]">&gt;&gt;</a>&nbsp;&nbsp;&nbsp;vPortExitCritical
<LI><a href="#[42]">&gt;&gt;</a>&nbsp;&nbsp;&nbsp;vPortEnterCritical
</UL>

<P><STRONG><a name="[81]"></a>ulTaskGenericNotifyValueClear</STRONG> (Thumb, 86 bytes, Stack size 24 bytes, tasks.o(.text), UNUSED)
<BR><BR>[Calls]<UL><LI><a href="#[44]">&gt;&gt;</a>&nbsp;&nbsp;&nbsp;vPortExitCritical
<LI><a href="#[42]">&gt;&gt;</a>&nbsp;&nbsp;&nbsp;vPortEnterCritical
</UL>

<P><STRONG><a name="[40]"></a>vListInitialise</STRONG> (Thumb, 26 bytes, Stack size 0 bytes, list.o(.text))
<BR><BR>[Called By]<UL><LI><a href="#[82]">&gt;&gt;</a>&nbsp;&nbsp;&nbsp;xQueueGenericReset
<LI><a href="#[3f]">&gt;&gt;</a>&nbsp;&nbsp;&nbsp;prvInitialiseTaskLists
</UL>

<P><STRONG><a name="[48]"></a>vListInitialiseItem</STRONG> (Thumb, 6 bytes, Stack size 0 bytes, list.o(.text))
<BR><BR>[Called By]<UL><LI><a href="#[46]">&gt;&gt;</a>&nbsp;&nbsp;&nbsp;prvInitialiseNewTask
</UL>

<P><STRONG><a name="[50]"></a>vListInsertEnd</STRONG> (Thumb, 24 bytes, Stack size 0 bytes, list.o(.text), UNUSED)
<BR><BR>[Called By]<UL><LI><a href="#[5f]">&gt;&gt;</a>&nbsp;&nbsp;&nbsp;xTaskResumeFromISR
<LI><a href="#[5c]">&gt;&gt;</a>&nbsp;&nbsp;&nbsp;vTaskSuspend
<LI><a href="#[4e]">&gt;&gt;</a>&nbsp;&nbsp;&nbsp;vTaskDelete
</UL>

<P><STRONG><a name="[43]"></a>vListInsert</STRONG> (Thumb, 56 bytes, Stack size 4 bytes, list.o(.text))
<BR><BR>[Stack]<UL><LI>Max Depth = 4<LI>Call Chain = vListInsert
</UL>
<BR>[Called By]<UL><LI><a href="#[7f]">&gt;&gt;</a>&nbsp;&nbsp;&nbsp;vTaskGenericNotifyGiveFromISR
<LI><a href="#[7e]">&gt;&gt;</a>&nbsp;&nbsp;&nbsp;xTaskGenericNotifyFromISR
<LI><a href="#[7d]">&gt;&gt;</a>&nbsp;&nbsp;&nbsp;xTaskGenericNotify
<LI><a href="#[70]">&gt;&gt;</a>&nbsp;&nbsp;&nbsp;vTaskRemoveFromUnorderedEventList
<LI><a href="#[6f]">&gt;&gt;</a>&nbsp;&nbsp;&nbsp;xTaskRemoveFromEventList
<LI><a href="#[6d]">&gt;&gt;</a>&nbsp;&nbsp;&nbsp;vTaskPlaceOnEventList
<LI><a href="#[5f]">&gt;&gt;</a>&nbsp;&nbsp;&nbsp;xTaskResumeFromISR
<LI><a href="#[5d]">&gt;&gt;</a>&nbsp;&nbsp;&nbsp;vTaskResume
<LI><a href="#[58]">&gt;&gt;</a>&nbsp;&nbsp;&nbsp;vTaskPrioritySet
<LI><a href="#[52]">&gt;&gt;</a>&nbsp;&nbsp;&nbsp;xTaskResumeAll
<LI><a href="#[19]">&gt;&gt;</a>&nbsp;&nbsp;&nbsp;xTaskIncrementTick
<LI><a href="#[53]">&gt;&gt;</a>&nbsp;&nbsp;&nbsp;prvAddCurrentTaskToDelayedList
<LI><a href="#[41]">&gt;&gt;</a>&nbsp;&nbsp;&nbsp;prvAddNewTaskToReadyList
</UL>

<P><STRONG><a name="[4f]"></a>uxListRemove</STRONG> (Thumb, 40 bytes, Stack size 0 bytes, list.o(.text))
<BR><BR>[Called By]<UL><LI><a href="#[5f]">&gt;&gt;</a>&nbsp;&nbsp;&nbsp;xTaskResumeFromISR
<LI><a href="#[5d]">&gt;&gt;</a>&nbsp;&nbsp;&nbsp;vTaskResume
<LI><a href="#[5c]">&gt;&gt;</a>&nbsp;&nbsp;&nbsp;vTaskSuspend
<LI><a href="#[58]">&gt;&gt;</a>&nbsp;&nbsp;&nbsp;vTaskPrioritySet
<LI><a href="#[4e]">&gt;&gt;</a>&nbsp;&nbsp;&nbsp;vTaskDelete
<LI><a href="#[60]">&gt;&gt;</a>&nbsp;&nbsp;&nbsp;prvCheckTasksWaitingTermination
<LI><a href="#[53]">&gt;&gt;</a>&nbsp;&nbsp;&nbsp;prvAddCurrentTaskToDelayedList
</UL>

<P><STRONG><a name="[82]"></a>xQueueGenericReset</STRONG> (Thumb, 152 bytes, Stack size 24 bytes, queue.o(.text))
<BR><BR>[Stack]<UL><LI>Max Depth = 44 + Unknown Stack Size
<LI>Call Chain = xQueueGenericReset &rArr; xTaskRemoveFromEventList &rArr; vListInsert
</UL>
<BR>[Calls]<UL><LI><a href="#[2d]">&gt;&gt;</a>&nbsp;&nbsp;&nbsp;__aeabi_uidivmod (via Veneer)
<LI><a href="#[45]">&gt;&gt;</a>&nbsp;&nbsp;&nbsp;vPortYield (via Veneer)
<LI><a href="#[44]">&gt;&gt;</a>&nbsp;&nbsp;&nbsp;vPortExitCritical
<LI><a href="#[42]">&gt;&gt;</a>&nbsp;&nbsp;&nbsp;vPortEnterCritical
<LI><a href="#[40]">&gt;&gt;</a>&nbsp;&nbsp;&nbsp;vListInitialise
<LI><a href="#[6f]">&gt;&gt;</a>&nbsp;&nbsp;&nbsp;xTaskRemoveFromEventList
</UL>
<BR>[Called By]<UL><LI><a href="#[83]">&gt;&gt;</a>&nbsp;&nbsp;&nbsp;prvInitialiseNewQueue
</UL>

<P><STRONG><a name="[3a]"></a>xQueueGenericCreate</STRONG> (Thumb, 90 bytes, Stack size 40 bytes, queue.o(.text))
<BR><BR>[Stack]<UL><LI>Max Depth = 124 + Unknown Stack Size
<LI>Call Chain = xQueueGenericCreate &rArr; prvInitialiseNewQueue &rArr; xQueueGenericReset &rArr; xTaskRemoveFromEventList &rArr; vListInsert
</UL>
<BR>[Calls]<UL><LI><a href="#[2d]">&gt;&gt;</a>&nbsp;&nbsp;&nbsp;__aeabi_uidivmod (via Veneer)
<LI><a href="#[83]">&gt;&gt;</a>&nbsp;&nbsp;&nbsp;prvInitialiseNewQueue
<LI><a href="#[4a]">&gt;&gt;</a>&nbsp;&nbsp;&nbsp;pvPortMalloc
</UL>
<BR>[Called By]<UL><LI><a href="#[b]">&gt;&gt;</a>&nbsp;&nbsp;&nbsp;main
</UL>

<P><STRONG><a name="[35]"></a>xQueueGenericSend</STRONG> (Thumb, 256 bytes, Stack size 48 bytes, queue.o(.text))
<BR><BR>[Stack]<UL><LI>Max Depth = 104 + Unknown Stack Size
<LI>Call Chain = xQueueGenericSend &rArr; xTaskResumeAll &rArr; xTaskIncrementTick &rArr; xTaskGetTickCount &rArr; vPortExitCritical
</UL>
<BR>[Calls]<UL><LI><a href="#[87]">&gt;&gt;</a>&nbsp;&nbsp;&nbsp;prvCopyDataToQueue
<LI><a href="#[86]">&gt;&gt;</a>&nbsp;&nbsp;&nbsp;prvIsQueueFull
<LI><a href="#[84]">&gt;&gt;</a>&nbsp;&nbsp;&nbsp;prvUnlockQueue
<LI><a href="#[45]">&gt;&gt;</a>&nbsp;&nbsp;&nbsp;vPortYield (via Veneer)
<LI><a href="#[44]">&gt;&gt;</a>&nbsp;&nbsp;&nbsp;vPortExitCritical
<LI><a href="#[42]">&gt;&gt;</a>&nbsp;&nbsp;&nbsp;vPortEnterCritical
<LI><a href="#[72]">&gt;&gt;</a>&nbsp;&nbsp;&nbsp;xTaskCheckForTimeOut
<LI><a href="#[73]">&gt;&gt;</a>&nbsp;&nbsp;&nbsp;vTaskInternalSetTimeOutState
<LI><a href="#[6f]">&gt;&gt;</a>&nbsp;&nbsp;&nbsp;xTaskRemoveFromEventList
<LI><a href="#[6d]">&gt;&gt;</a>&nbsp;&nbsp;&nbsp;vTaskPlaceOnEventList
<LI><a href="#[54]">&gt;&gt;</a>&nbsp;&nbsp;&nbsp;vTaskSuspendAll
<LI><a href="#[52]">&gt;&gt;</a>&nbsp;&nbsp;&nbsp;xTaskResumeAll
</UL>
<BR>[Called By]<UL><LI><a href="#[e]">&gt;&gt;</a>&nbsp;&nbsp;&nbsp;Button_1_Monitor
<LI><a href="#[f]">&gt;&gt;</a>&nbsp;&nbsp;&nbsp;Button_2_Monitor
<LI><a href="#[10]">&gt;&gt;</a>&nbsp;&nbsp;&nbsp;Task_Transmitter
</UL>

<P><STRONG><a name="[89]"></a>xQueueGenericSendFromISR</STRONG> (Thumb, 126 bytes, Stack size 56 bytes, queue.o(.text), UNUSED)
<BR><BR>[Calls]<UL><LI><a href="#[87]">&gt;&gt;</a>&nbsp;&nbsp;&nbsp;prvCopyDataToQueue
<LI><a href="#[6f]">&gt;&gt;</a>&nbsp;&nbsp;&nbsp;xTaskRemoveFromEventList
</UL>

<P><STRONG><a name="[8a]"></a>xQueueGiveFromISR</STRONG> (Thumb, 108 bytes, Stack size 32 bytes, queue.o(.text), UNUSED)
<BR><BR>[Calls]<UL><LI><a href="#[6f]">&gt;&gt;</a>&nbsp;&nbsp;&nbsp;xTaskRemoveFromEventList
</UL>

<P><STRONG><a name="[34]"></a>xQueueReceive</STRONG> (Thumb, 242 bytes, Stack size 40 bytes, queue.o(.text))
<BR><BR>[Stack]<UL><LI>Max Depth = 96 + Unknown Stack Size
<LI>Call Chain = xQueueReceive &rArr; xTaskResumeAll &rArr; xTaskIncrementTick &rArr; xTaskGetTickCount &rArr; vPortExitCritical
</UL>
<BR>[Calls]<UL><LI><a href="#[8c]">&gt;&gt;</a>&nbsp;&nbsp;&nbsp;prvCopyDataFromQueue
<LI><a href="#[8b]">&gt;&gt;</a>&nbsp;&nbsp;&nbsp;prvIsQueueEmpty
<LI><a href="#[84]">&gt;&gt;</a>&nbsp;&nbsp;&nbsp;prvUnlockQueue
<LI><a href="#[45]">&gt;&gt;</a>&nbsp;&nbsp;&nbsp;vPortYield (via Veneer)
<LI><a href="#[44]">&gt;&gt;</a>&nbsp;&nbsp;&nbsp;vPortExitCritical
<LI><a href="#[42]">&gt;&gt;</a>&nbsp;&nbsp;&nbsp;vPortEnterCritical
<LI><a href="#[72]">&gt;&gt;</a>&nbsp;&nbsp;&nbsp;xTaskCheckForTimeOut
<LI><a href="#[73]">&gt;&gt;</a>&nbsp;&nbsp;&nbsp;vTaskInternalSetTimeOutState
<LI><a href="#[6f]">&gt;&gt;</a>&nbsp;&nbsp;&nbsp;xTaskRemoveFromEventList
<LI><a href="#[6d]">&gt;&gt;</a>&nbsp;&nbsp;&nbsp;vTaskPlaceOnEventList
<LI><a href="#[54]">&gt;&gt;</a>&nbsp;&nbsp;&nbsp;vTaskSuspendAll
<LI><a href="#[52]">&gt;&gt;</a>&nbsp;&nbsp;&nbsp;xTaskResumeAll
</UL>
<BR>[Called By]<UL><LI><a href="#[11]">&gt;&gt;</a>&nbsp;&nbsp;&nbsp;Uart_Receiver
</UL>

<P><STRONG><a name="[8d]"></a>xQueueSemaphoreTake</STRONG> (Thumb, 234 bytes, Stack size 40 bytes, queue.o(.text), UNUSED)
<BR><BR>[Calls]<UL><LI><a href="#[8b]">&gt;&gt;</a>&nbsp;&nbsp;&nbsp;prvIsQueueEmpty
<LI><a href="#[84]">&gt;&gt;</a>&nbsp;&nbsp;&nbsp;prvUnlockQueue
<LI><a href="#[45]">&gt;&gt;</a>&nbsp;&nbsp;&nbsp;vPortYield (via Veneer)
<LI><a href="#[44]">&gt;&gt;</a>&nbsp;&nbsp;&nbsp;vPortExitCritical
<LI><a href="#[42]">&gt;&gt;</a>&nbsp;&nbsp;&nbsp;vPortEnterCritical
<LI><a href="#[72]">&gt;&gt;</a>&nbsp;&nbsp;&nbsp;xTaskCheckForTimeOut
<LI><a href="#[73]">&gt;&gt;</a>&nbsp;&nbsp;&nbsp;vTaskInternalSetTimeOutState
<LI><a href="#[6f]">&gt;&gt;</a>&nbsp;&nbsp;&nbsp;xTaskRemoveFromEventList
<LI><a href="#[6d]">&gt;&gt;</a>&nbsp;&nbsp;&nbsp;vTaskPlaceOnEventList
<LI><a href="#[54]">&gt;&gt;</a>&nbsp;&nbsp;&nbsp;vTaskSuspendAll
<LI><a href="#[52]">&gt;&gt;</a>&nbsp;&nbsp;&nbsp;xTaskResumeAll
</UL>

<P><STRONG><a name="[8e]"></a>xQueuePeek</STRONG> (Thumb, 246 bytes, Stack size 48 bytes, queue.o(.text), UNUSED)
<BR><BR>[Calls]<UL><LI><a href="#[8c]">&gt;&gt;</a>&nbsp;&nbsp;&nbsp;prvCopyDataFromQueue
<LI><a href="#[8b]">&gt;&gt;</a>&nbsp;&nbsp;&nbsp;prvIsQueueEmpty
<LI><a href="#[84]">&gt;&gt;</a>&nbsp;&nbsp;&nbsp;prvUnlockQueue
<LI><a href="#[45]">&gt;&gt;</a>&nbsp;&nbsp;&nbsp;vPortYield (via Veneer)
<LI><a href="#[44]">&gt;&gt;</a>&nbsp;&nbsp;&nbsp;vPortExitCritical
<LI><a href="#[42]">&gt;&gt;</a>&nbsp;&nbsp;&nbsp;vPortEnterCritical
<LI><a href="#[72]">&gt;&gt;</a>&nbsp;&nbsp;&nbsp;xTaskCheckForTimeOut
<LI><a href="#[73]">&gt;&gt;</a>&nbsp;&nbsp;&nbsp;vTaskInternalSetTimeOutState
<LI><a href="#[6f]">&gt;&gt;</a>&nbsp;&nbsp;&nbsp;xTaskRemoveFromEventList
<LI><a href="#[6d]">&gt;&gt;</a>&nbsp;&nbsp;&nbsp;vTaskPlaceOnEventList
<LI><a href="#[54]">&gt;&gt;</a>&nbsp;&nbsp;&nbsp;vTaskSuspendAll
<LI><a href="#[52]">&gt;&gt;</a>&nbsp;&nbsp;&nbsp;xTaskResumeAll
</UL>

<P><STRONG><a name="[8f]"></a>xQueueReceiveFromISR</STRONG> (Thumb, 118 bytes, Stack size 48 bytes, queue.o(.text), UNUSED)
<BR><BR>[Calls]<UL><LI><a href="#[8c]">&gt;&gt;</a>&nbsp;&nbsp;&nbsp;prvCopyDataFromQueue
<LI><a href="#[6f]">&gt;&gt;</a>&nbsp;&nbsp;&nbsp;xTaskRemoveFromEventList
</UL>

<P><STRONG><a name="[90]"></a>xQueuePeekFromISR</STRONG> (Thumb, 44 bytes, Stack size 32 bytes, queue.o(.text), UNUSED)
<BR><BR>[Calls]<UL><LI><a href="#[8c]">&gt;&gt;</a>&nbsp;&nbsp;&nbsp;prvCopyDataFromQueue
</UL>

<P><STRONG><a name="[91]"></a>uxQueueMessagesWaiting</STRONG> (Thumb, 22 bytes, Stack size 16 bytes, queue.o(.text), UNUSED)
<BR><BR>[Calls]<UL><LI><a href="#[44]">&gt;&gt;</a>&nbsp;&nbsp;&nbsp;vPortExitCritical
<LI><a href="#[42]">&gt;&gt;</a>&nbsp;&nbsp;&nbsp;vPortEnterCritical
</UL>

<P><STRONG><a name="[92]"></a>uxQueueSpacesAvailable</STRONG> (Thumb, 28 bytes, Stack size 16 bytes, queue.o(.text), UNUSED)
<BR><BR>[Calls]<UL><LI><a href="#[44]">&gt;&gt;</a>&nbsp;&nbsp;&nbsp;vPortExitCritical
<LI><a href="#[42]">&gt;&gt;</a>&nbsp;&nbsp;&nbsp;vPortEnterCritical
</UL>

<P><STRONG><a name="[e6]"></a>uxQueueMessagesWaitingFromISR</STRONG> (Thumb, 8 bytes, Stack size 0 bytes, queue.o(.text), UNUSED)

<P><STRONG><a name="[93]"></a>vQueueDelete</STRONG> (Thumb, 18 bytes, Stack size 16 bytes, queue.o(.text), UNUSED)
<BR><BR>[Calls]<UL><LI><a href="#[4b]">&gt;&gt;</a>&nbsp;&nbsp;&nbsp;vPortFree
</UL>

<P><STRONG><a name="[e7]"></a>uxQueueGetQueueNumber</STRONG> (Thumb, 6 bytes, Stack size 0 bytes, queue.o(.text), UNUSED)

<P><STRONG><a name="[e8]"></a>vQueueSetQueueNumber</STRONG> (Thumb, 4 bytes, Stack size 0 bytes, queue.o(.text), UNUSED)

<P><STRONG><a name="[e9]"></a>ucQueueGetQueueType</STRONG> (Thumb, 8 bytes, Stack size 0 bytes, queue.o(.text), UNUSED)

<P><STRONG><a name="[ea]"></a>xQueueIsQueueEmptyFromISR</STRONG> (Thumb, 18 bytes, Stack size 0 bytes, queue.o(.text), UNUSED)

<P><STRONG><a name="[eb]"></a>xQueueIsQueueFullFromISR</STRONG> (Thumb, 24 bytes, Stack size 4 bytes, queue.o(.text), UNUSED)

<P><STRONG><a name="[49]"></a>pxPortInitialiseStack</STRONG> (Thumb, 128 bytes, Stack size 8 bytes, port.o(.text))
<BR><BR>[Stack]<UL><LI>Max Depth = 8<LI>Call Chain = pxPortInitialiseStack
</UL>
<BR>[Called By]<UL><LI><a href="#[46]">&gt;&gt;</a>&nbsp;&nbsp;&nbsp;prvInitialiseNewTask
</UL>

<P><STRONG><a name="[62]"></a>xPortStartScheduler</STRONG> (Thumb, 18 bytes, Stack size 8 bytes, port.o(.text))
<BR><BR>[Stack]<UL><LI>Max Depth = 8 + Unknown Stack Size
<LI>Call Chain = xPortStartScheduler
</UL>
<BR>[Calls]<UL><LI><a href="#[95]">&gt;&gt;</a>&nbsp;&nbsp;&nbsp;vPortStartFirstTask (via Veneer)
<LI><a href="#[94]">&gt;&gt;</a>&nbsp;&nbsp;&nbsp;prvSetupTimerInterrupt
</UL>
<BR>[Called By]<UL><LI><a href="#[3c]">&gt;&gt;</a>&nbsp;&nbsp;&nbsp;vTaskStartScheduler
</UL>

<P><STRONG><a name="[64]"></a>vPortEndScheduler</STRONG> (Thumb, 2 bytes, Stack size 0 bytes, port.o(.text), UNUSED)
<BR><BR>[Called By]<UL><LI><a href="#[63]">&gt;&gt;</a>&nbsp;&nbsp;&nbsp;vTaskEndScheduler
</UL>

<P><STRONG><a name="[42]"></a>vPortEnterCritical</STRONG> (Thumb, 22 bytes, Stack size 8 bytes, port.o(.text))
<BR><BR>[Stack]<UL><LI>Max Depth = 8<LI>Call Chain = vPortEnterCritical
</UL>
<BR>[Calls]<UL><LI><a href="#[61]">&gt;&gt;</a>&nbsp;&nbsp;&nbsp;__ARM_common_disable_irq (via Veneer)
</UL>
<BR>[Called By]<UL><LI><a href="#[92]">&gt;&gt;</a>&nbsp;&nbsp;&nbsp;uxQueueSpacesAvailable
<LI><a href="#[91]">&gt;&gt;</a>&nbsp;&nbsp;&nbsp;uxQueueMessagesWaiting
<LI><a href="#[8e]">&gt;&gt;</a>&nbsp;&nbsp;&nbsp;xQueuePeek
<LI><a href="#[8d]">&gt;&gt;</a>&nbsp;&nbsp;&nbsp;xQueueSemaphoreTake
<LI><a href="#[82]">&gt;&gt;</a>&nbsp;&nbsp;&nbsp;xQueueGenericReset
<LI><a href="#[8b]">&gt;&gt;</a>&nbsp;&nbsp;&nbsp;prvIsQueueEmpty
<LI><a href="#[86]">&gt;&gt;</a>&nbsp;&nbsp;&nbsp;prvIsQueueFull
<LI><a href="#[84]">&gt;&gt;</a>&nbsp;&nbsp;&nbsp;prvUnlockQueue
<LI><a href="#[81]">&gt;&gt;</a>&nbsp;&nbsp;&nbsp;ulTaskGenericNotifyValueClear
<LI><a href="#[80]">&gt;&gt;</a>&nbsp;&nbsp;&nbsp;xTaskGenericNotifyStateClear
<LI><a href="#[7d]">&gt;&gt;</a>&nbsp;&nbsp;&nbsp;xTaskGenericNotify
<LI><a href="#[7c]">&gt;&gt;</a>&nbsp;&nbsp;&nbsp;xTaskGenericNotifyWait
<LI><a href="#[7b]">&gt;&gt;</a>&nbsp;&nbsp;&nbsp;ulTaskGenericNotifyTake
<LI><a href="#[72]">&gt;&gt;</a>&nbsp;&nbsp;&nbsp;xTaskCheckForTimeOut
<LI><a href="#[71]">&gt;&gt;</a>&nbsp;&nbsp;&nbsp;vTaskSetTimeOutState
<LI><a href="#[6a]">&gt;&gt;</a>&nbsp;&nbsp;&nbsp;xTaskGetApplicationTaskTag
<LI><a href="#[5d]">&gt;&gt;</a>&nbsp;&nbsp;&nbsp;vTaskResume
<LI><a href="#[5c]">&gt;&gt;</a>&nbsp;&nbsp;&nbsp;vTaskSuspend
<LI><a href="#[58]">&gt;&gt;</a>&nbsp;&nbsp;&nbsp;vTaskPrioritySet
<LI><a href="#[57]">&gt;&gt;</a>&nbsp;&nbsp;&nbsp;uxTaskPriorityGet
<LI><a href="#[56]">&gt;&gt;</a>&nbsp;&nbsp;&nbsp;eTaskGetState
<LI><a href="#[52]">&gt;&gt;</a>&nbsp;&nbsp;&nbsp;xTaskResumeAll
<LI><a href="#[4e]">&gt;&gt;</a>&nbsp;&nbsp;&nbsp;vTaskDelete
<LI><a href="#[60]">&gt;&gt;</a>&nbsp;&nbsp;&nbsp;prvCheckTasksWaitingTermination
<LI><a href="#[41]">&gt;&gt;</a>&nbsp;&nbsp;&nbsp;prvAddNewTaskToReadyList
<LI><a href="#[30]">&gt;&gt;</a>&nbsp;&nbsp;&nbsp;xTaskGetTickCount
<LI><a href="#[34]">&gt;&gt;</a>&nbsp;&nbsp;&nbsp;xQueueReceive
<LI><a href="#[35]">&gt;&gt;</a>&nbsp;&nbsp;&nbsp;xQueueGenericSend
<LI><a href="#[31]">&gt;&gt;</a>&nbsp;&nbsp;&nbsp;vTaskSetApplicationTaskTag
</UL>

<P><STRONG><a name="[44]"></a>vPortExitCritical</STRONG> (Thumb, 38 bytes, Stack size 8 bytes, port.o(.text))
<BR><BR>[Stack]<UL><LI>Max Depth = 8<LI>Call Chain = vPortExitCritical
</UL>
<BR>[Calls]<UL><LI><a href="#[96]">&gt;&gt;</a>&nbsp;&nbsp;&nbsp;__ARM_common_enable_irq (via Veneer)
</UL>
<BR>[Called By]<UL><LI><a href="#[92]">&gt;&gt;</a>&nbsp;&nbsp;&nbsp;uxQueueSpacesAvailable
<LI><a href="#[91]">&gt;&gt;</a>&nbsp;&nbsp;&nbsp;uxQueueMessagesWaiting
<LI><a href="#[8e]">&gt;&gt;</a>&nbsp;&nbsp;&nbsp;xQueuePeek
<LI><a href="#[8d]">&gt;&gt;</a>&nbsp;&nbsp;&nbsp;xQueueSemaphoreTake
<LI><a href="#[82]">&gt;&gt;</a>&nbsp;&nbsp;&nbsp;xQueueGenericReset
<LI><a href="#[8b]">&gt;&gt;</a>&nbsp;&nbsp;&nbsp;prvIsQueueEmpty
<LI><a href="#[86]">&gt;&gt;</a>&nbsp;&nbsp;&nbsp;prvIsQueueFull
<LI><a href="#[84]">&gt;&gt;</a>&nbsp;&nbsp;&nbsp;prvUnlockQueue
<LI><a href="#[81]">&gt;&gt;</a>&nbsp;&nbsp;&nbsp;ulTaskGenericNotifyValueClear
<LI><a href="#[80]">&gt;&gt;</a>&nbsp;&nbsp;&nbsp;xTaskGenericNotifyStateClear
<LI><a href="#[7d]">&gt;&gt;</a>&nbsp;&nbsp;&nbsp;xTaskGenericNotify
<LI><a href="#[7c]">&gt;&gt;</a>&nbsp;&nbsp;&nbsp;xTaskGenericNotifyWait
<LI><a href="#[7b]">&gt;&gt;</a>&nbsp;&nbsp;&nbsp;ulTaskGenericNotifyTake
<LI><a href="#[72]">&gt;&gt;</a>&nbsp;&nbsp;&nbsp;xTaskCheckForTimeOut
<LI><a href="#[71]">&gt;&gt;</a>&nbsp;&nbsp;&nbsp;vTaskSetTimeOutState
<LI><a href="#[6a]">&gt;&gt;</a>&nbsp;&nbsp;&nbsp;xTaskGetApplicationTaskTag
<LI><a href="#[5d]">&gt;&gt;</a>&nbsp;&nbsp;&nbsp;vTaskResume
<LI><a href="#[5c]">&gt;&gt;</a>&nbsp;&nbsp;&nbsp;vTaskSuspend
<LI><a href="#[58]">&gt;&gt;</a>&nbsp;&nbsp;&nbsp;vTaskPrioritySet
<LI><a href="#[57]">&gt;&gt;</a>&nbsp;&nbsp;&nbsp;uxTaskPriorityGet
<LI><a href="#[56]">&gt;&gt;</a>&nbsp;&nbsp;&nbsp;eTaskGetState
<LI><a href="#[52]">&gt;&gt;</a>&nbsp;&nbsp;&nbsp;xTaskResumeAll
<LI><a href="#[4e]">&gt;&gt;</a>&nbsp;&nbsp;&nbsp;vTaskDelete
<LI><a href="#[60]">&gt;&gt;</a>&nbsp;&nbsp;&nbsp;prvCheckTasksWaitingTermination
<LI><a href="#[41]">&gt;&gt;</a>&nbsp;&nbsp;&nbsp;prvAddNewTaskToReadyList
<LI><a href="#[30]">&gt;&gt;</a>&nbsp;&nbsp;&nbsp;xTaskGetTickCount
<LI><a href="#[34]">&gt;&gt;</a>&nbsp;&nbsp;&nbsp;xQueueReceive
<LI><a href="#[35]">&gt;&gt;</a>&nbsp;&nbsp;&nbsp;xQueueGenericSend
<LI><a href="#[31]">&gt;&gt;</a>&nbsp;&nbsp;&nbsp;vTaskSetApplicationTaskTag
</UL>

<P><STRONG><a name="[4a]"></a>pvPortMalloc</STRONG> (Thumb, 192 bytes, Stack size 24 bytes, heap_2.o(.text))
<BR><BR>[Stack]<UL><LI>Max Depth = 80 + Unknown Stack Size
<LI>Call Chain = pvPortMalloc &rArr; xTaskResumeAll &rArr; xTaskIncrementTick &rArr; xTaskGetTickCount &rArr; vPortExitCritical
</UL>
<BR>[Calls]<UL><LI><a href="#[97]">&gt;&gt;</a>&nbsp;&nbsp;&nbsp;prvHeapInit
<LI><a href="#[54]">&gt;&gt;</a>&nbsp;&nbsp;&nbsp;vTaskSuspendAll
<LI><a href="#[52]">&gt;&gt;</a>&nbsp;&nbsp;&nbsp;xTaskResumeAll
</UL>
<BR>[Called By]<UL><LI><a href="#[7a]">&gt;&gt;</a>&nbsp;&nbsp;&nbsp;vTaskGetRunTimeStats
<LI><a href="#[77]">&gt;&gt;</a>&nbsp;&nbsp;&nbsp;vTaskList
<LI><a href="#[4c]">&gt;&gt;</a>&nbsp;&nbsp;&nbsp;xTaskCreate
<LI><a href="#[3b]">&gt;&gt;</a>&nbsp;&nbsp;&nbsp;xTaskPeriodicCreate
<LI><a href="#[3a]">&gt;&gt;</a>&nbsp;&nbsp;&nbsp;xQueueGenericCreate
</UL>

<P><STRONG><a name="[4b]"></a>vPortFree</STRONG> (Thumb, 62 bytes, Stack size 16 bytes, heap_2.o(.text))
<BR><BR>[Stack]<UL><LI>Max Depth = 72 + Unknown Stack Size
<LI>Call Chain = vPortFree &rArr; xTaskResumeAll &rArr; xTaskIncrementTick &rArr; xTaskGetTickCount &rArr; vPortExitCritical
</UL>
<BR>[Calls]<UL><LI><a href="#[54]">&gt;&gt;</a>&nbsp;&nbsp;&nbsp;vTaskSuspendAll
<LI><a href="#[52]">&gt;&gt;</a>&nbsp;&nbsp;&nbsp;xTaskResumeAll
</UL>
<BR>[Called By]<UL><LI><a href="#[93]">&gt;&gt;</a>&nbsp;&nbsp;&nbsp;vQueueDelete
<LI><a href="#[7a]">&gt;&gt;</a>&nbsp;&nbsp;&nbsp;vTaskGetRunTimeStats
<LI><a href="#[77]">&gt;&gt;</a>&nbsp;&nbsp;&nbsp;vTaskList
<LI><a href="#[4c]">&gt;&gt;</a>&nbsp;&nbsp;&nbsp;xTaskCreate
<LI><a href="#[4d]">&gt;&gt;</a>&nbsp;&nbsp;&nbsp;prvDeleteTCB
<LI><a href="#[3b]">&gt;&gt;</a>&nbsp;&nbsp;&nbsp;xTaskPeriodicCreate
</UL>

<P><STRONG><a name="[ec]"></a>xPortGetFreeHeapSize</STRONG> (Thumb, 6 bytes, Stack size 0 bytes, heap_2.o(.text), UNUSED)

<P><STRONG><a name="[ed]"></a>vPortInitialiseBlocks</STRONG> (Thumb, 2 bytes, Stack size 0 bytes, heap_2.o(.text), UNUSED)

<P><STRONG><a name="[79]"></a>__2sprintf</STRONG> (Thumb, 36 bytes, Stack size 32 bytes, noretval__2sprintf.o(.text), UNUSED)
<BR><BR>[Calls]<UL><LI><a href="#[16]">&gt;&gt;</a>&nbsp;&nbsp;&nbsp;_sputc
<LI><a href="#[98]">&gt;&gt;</a>&nbsp;&nbsp;&nbsp;_printf_char_common
</UL>
<BR>[Called By]<UL><LI><a href="#[7a]">&gt;&gt;</a>&nbsp;&nbsp;&nbsp;vTaskGetRunTimeStats
<LI><a href="#[77]">&gt;&gt;</a>&nbsp;&nbsp;&nbsp;vTaskList
</UL>

<P><STRONG><a name="[99]"></a>__printf</STRONG> (Thumb, 118 bytes, Stack size 24 bytes, __printf.o(.text), UNUSED)
<BR><BR>[Calls]<UL><LI><a href="#[9a]">&gt;&gt;</a>&nbsp;&nbsp;&nbsp;_printf_percent (via Veneer)
<LI><a href="#[9b]">&gt;&gt;</a>&nbsp;&nbsp;&nbsp;__ARM_common_call_via_r2
<LI><a href="#[6c]">&gt;&gt;</a>&nbsp;&nbsp;&nbsp;__ARM_common_call_via_r1
</UL>
<BR>[Called By]<UL><LI><a href="#[98]">&gt;&gt;</a>&nbsp;&nbsp;&nbsp;_printf_char_common
</UL>

<P><STRONG><a name="[9c]"></a>_printf_str</STRONG> (Thumb, 88 bytes, Stack size 16 bytes, _printf_str.o(.text))
<BR><BR>[Stack]<UL><LI>Max Depth = 16<LI>Call Chain = _printf_str
</UL>
<BR>[Calls]<UL><LI><a href="#[9d]">&gt;&gt;</a>&nbsp;&nbsp;&nbsp;_printf_pre_padding (Weak Reference)
<LI><a href="#[9e]">&gt;&gt;</a>&nbsp;&nbsp;&nbsp;_printf_post_padding (Weak Reference)
<LI><a href="#[9b]">&gt;&gt;</a>&nbsp;&nbsp;&nbsp;__ARM_common_call_via_r2
</UL>
<BR>[Called By]<UL><LI><a href="#[a6]">&gt;&gt;</a>&nbsp;&nbsp;&nbsp;_printf_cs_common
</UL>

<P><STRONG><a name="[1f]"></a>_printf_int_dec</STRONG> (Thumb, 94 bytes, Stack size 32 bytes, _printf_dec.o(.text))
<BR><BR>[Stack]<UL><LI>Max Depth = 72<LI>Call Chain = _printf_int_dec &rArr; _printf_int_common
</UL>
<BR>[Calls]<UL><LI><a href="#[a1]">&gt;&gt;</a>&nbsp;&nbsp;&nbsp;__rt_udiv10 (via Veneer)
<LI><a href="#[a2]">&gt;&gt;</a>&nbsp;&nbsp;&nbsp;_printf_int_common
<LI><a href="#[a0]">&gt;&gt;</a>&nbsp;&nbsp;&nbsp;_printf_truncate_unsigned (Weak Reference)
<LI><a href="#[9f]">&gt;&gt;</a>&nbsp;&nbsp;&nbsp;_printf_truncate_signed (Weak Reference)
</UL>
<BR>[Called By]<UL><LI><a href="#[1e]">&gt;&gt;</a>&nbsp;&nbsp;&nbsp;_printf_u (via Veneer)
</UL>

<P><STRONG><a name="[75]"></a>strcpy</STRONG> (Thumb, 74 bytes, Stack size 12 bytes, strcpy.o(.text), UNUSED)
<BR><BR>[Called By]<UL><LI><a href="#[74]">&gt;&gt;</a>&nbsp;&nbsp;&nbsp;prvWriteNameToBuffer
</UL>

<P><STRONG><a name="[76]"></a>strlen</STRONG> (Thumb, 64 bytes, Stack size 8 bytes, strlen.o(.text), UNUSED)
<BR><BR>[Called By]<UL><LI><a href="#[7a]">&gt;&gt;</a>&nbsp;&nbsp;&nbsp;vTaskGetRunTimeStats
<LI><a href="#[77]">&gt;&gt;</a>&nbsp;&nbsp;&nbsp;vTaskList
<LI><a href="#[74]">&gt;&gt;</a>&nbsp;&nbsp;&nbsp;prvWriteNameToBuffer
</UL>

<P><STRONG><a name="[88]"></a>__aeabi_memcpy</STRONG> (ARM, 0 bytes, Stack size 0 bytes, rt_memcpy.o(.text))
<BR><BR>[Called By]<UL><LI><a href="#[8c]">&gt;&gt;</a>&nbsp;&nbsp;&nbsp;prvCopyDataFromQueue (via Veneer)
<LI><a href="#[87]">&gt;&gt;</a>&nbsp;&nbsp;&nbsp;prvCopyDataToQueue (via Veneer)
</UL>

<P><STRONG><a name="[a3]"></a>__rt_memcpy</STRONG> (ARM, 212 bytes, Stack size 0 bytes, rt_memcpy.o(.text), UNUSED)
<BR><BR>[Calls]<UL><LI><a href="#[a4]">&gt;&gt;</a>&nbsp;&nbsp;&nbsp;__aeabi_memcpy4
</UL>

<P><STRONG><a name="[ee]"></a>_memcpy_lastbytes</STRONG> (ARM, 0 bytes, Stack size unknown bytes, rt_memcpy.o(.text), UNUSED)

<P><STRONG><a name="[47]"></a>__aeabi_memset</STRONG> (ARM, 16 bytes, Stack size 0 bytes, aeabi_memset.o(.text))
<BR><BR>[Calls]<UL><LI><a href="#[a5]">&gt;&gt;</a>&nbsp;&nbsp;&nbsp;_memset
</UL>
<BR>[Called By]<UL><LI><a href="#[46]">&gt;&gt;</a>&nbsp;&nbsp;&nbsp;prvInitialiseNewTask (via Veneer)
</UL>

<P><STRONG><a name="[ef]"></a>__aeabi_idiv</STRONG> (ARM, 0 bytes, Stack size 8 bytes, aeabi_sdiv.o(.text), UNUSED)

<P><STRONG><a name="[f0]"></a>__aeabi_idivmod</STRONG> (ARM, 384 bytes, Stack size 8 bytes, aeabi_sdiv.o(.text), UNUSED)

<P><STRONG><a name="[f1]"></a>__use_two_region_memory</STRONG> (Thumb, 2 bytes, Stack size 0 bytes, heapauxi.o(.text), UNUSED)

<P><STRONG><a name="[f2]"></a>__rt_heap_escrow$2region</STRONG> (Thumb, 2 bytes, Stack size 0 bytes, heapauxi.o(.text), UNUSED)

<P><STRONG><a name="[f3]"></a>__rt_heap_expand$2region</STRONG> (Thumb, 2 bytes, Stack size 0 bytes, heapauxi.o(.text), UNUSED)

<P><STRONG><a name="[a2]"></a>_printf_int_common</STRONG> (Thumb, 186 bytes, Stack size 40 bytes, _printf_intcommon.o(.text))
<BR><BR>[Stack]<UL><LI>Max Depth = 40<LI>Call Chain = _printf_int_common
</UL>
<BR>[Calls]<UL><LI><a href="#[9d]">&gt;&gt;</a>&nbsp;&nbsp;&nbsp;_printf_pre_padding (Weak Reference)
<LI><a href="#[9e]">&gt;&gt;</a>&nbsp;&nbsp;&nbsp;_printf_post_padding (Weak Reference)
<LI><a href="#[9b]">&gt;&gt;</a>&nbsp;&nbsp;&nbsp;__ARM_common_call_via_r2
</UL>
<BR>[Called By]<UL><LI><a href="#[1f]">&gt;&gt;</a>&nbsp;&nbsp;&nbsp;_printf_int_dec
</UL>

<P><STRONG><a name="[98]"></a>_printf_char_common</STRONG> (Thumb, 34 bytes, Stack size 64 bytes, _printf_char_common.o(.text), UNUSED)
<BR><BR>[Calls]<UL><LI><a href="#[99]">&gt;&gt;</a>&nbsp;&nbsp;&nbsp;__printf
</UL>
<BR>[Called By]<UL><LI><a href="#[79]">&gt;&gt;</a>&nbsp;&nbsp;&nbsp;__2sprintf
</UL>

<P><STRONG><a name="[16]"></a>_sputc</STRONG> (Thumb, 10 bytes, Stack size 0 bytes, _sputc.o(.text))
<BR><BR>[Called By]<UL><LI><a href="#[79]">&gt;&gt;</a>&nbsp;&nbsp;&nbsp;__2sprintf
</UL>
<BR>[Address Reference Count : 1]<UL><LI> noretval__2sprintf.o(.text)
</UL>
<P><STRONG><a name="[a6]"></a>_printf_cs_common</STRONG> (Thumb, 26 bytes, Stack size 8 bytes, _printf_char.o(.text))
<BR><BR>[Stack]<UL><LI>Max Depth = 24<LI>Call Chain = _printf_cs_common &rArr; _printf_str
</UL>
<BR>[Calls]<UL><LI><a href="#[a7]">&gt;&gt;</a>&nbsp;&nbsp;&nbsp;_printf_mbtowc (Weak Reference)
<LI><a href="#[9c]">&gt;&gt;</a>&nbsp;&nbsp;&nbsp;_printf_str
</UL>
<BR>[Called By]<UL><LI><a href="#[a8]">&gt;&gt;</a>&nbsp;&nbsp;&nbsp;_printf_string
<LI><a href="#[21]">&gt;&gt;</a>&nbsp;&nbsp;&nbsp;_printf_char
</UL>

<P><STRONG><a name="[21]"></a>_printf_char</STRONG> (Thumb, 16 bytes, Stack size 0 bytes, _printf_char.o(.text))
<BR><BR>[Stack]<UL><LI>Max Depth = 24<LI>Call Chain = _printf_char &rArr; _printf_cs_common &rArr; _printf_str
</UL>
<BR>[Calls]<UL><LI><a href="#[a6]">&gt;&gt;</a>&nbsp;&nbsp;&nbsp;_printf_cs_common
</UL>
<BR>[Called By]<UL><LI><a href="#[20]">&gt;&gt;</a>&nbsp;&nbsp;&nbsp;_printf_c (via Veneer)
</UL>

<P><STRONG><a name="[a8]"></a>_printf_string</STRONG> (Thumb, 8 bytes, Stack size 0 bytes, _printf_char.o(.text), UNUSED)
<BR><BR>[Calls]<UL><LI><a href="#[a6]">&gt;&gt;</a>&nbsp;&nbsp;&nbsp;_printf_cs_common
</UL>

<P><STRONG><a name="[a4]"></a>__aeabi_memcpy4</STRONG> (ARM, 0 bytes, Stack size 8 bytes, rt_memcpy_w.o(.text), UNUSED)
<BR><BR>[Called By]<UL><LI><a href="#[a3]">&gt;&gt;</a>&nbsp;&nbsp;&nbsp;__rt_memcpy
</UL>

<P><STRONG><a name="[f4]"></a>__aeabi_memcpy8</STRONG> (ARM, 0 bytes, Stack size 8 bytes, rt_memcpy_w.o(.text), UNUSED)

<P><STRONG><a name="[f5]"></a>__rt_memcpy_w</STRONG> (ARM, 100 bytes, Stack size 8 bytes, rt_memcpy_w.o(.text), UNUSED)

<P><STRONG><a name="[f6]"></a>_memcpy_lastbytes_aligned</STRONG> (ARM, 0 bytes, Stack size unknown bytes, rt_memcpy_w.o(.text), UNUSED)

<P><STRONG><a name="[f7]"></a>__aeabi_memclr</STRONG> (ARM, 0 bytes, Stack size 0 bytes, rt_memclr.o(.text), UNUSED)

<P><STRONG><a name="[a9]"></a>__rt_memclr</STRONG> (ARM, 64 bytes, Stack size 0 bytes, rt_memclr.o(.text), UNUSED)
<BR><BR>[Calls]<UL><LI><a href="#[aa]">&gt;&gt;</a>&nbsp;&nbsp;&nbsp;_memset_w
</UL>

<P><STRONG><a name="[a5]"></a>_memset</STRONG> (ARM, 0 bytes, Stack size unknown bytes, rt_memclr.o(.text))
<BR><BR>[Called By]<UL><LI><a href="#[47]">&gt;&gt;</a>&nbsp;&nbsp;&nbsp;__aeabi_memset
</UL>

<P><STRONG><a name="[a1]"></a>__rt_udiv10</STRONG> (ARM, 44 bytes, Stack size 0 bytes, rtudiv10.o(.text))
<BR><BR>[Called By]<UL><LI><a href="#[1f]">&gt;&gt;</a>&nbsp;&nbsp;&nbsp;_printf_int_dec (via Veneer)
</UL>

<P><STRONG><a name="[f8]"></a>__aeabi_memclr4</STRONG> (ARM, 0 bytes, Stack size 4 bytes, rt_memclr_w.o(.text), UNUSED)

<P><STRONG><a name="[f9]"></a>__aeabi_memclr8</STRONG> (ARM, 0 bytes, Stack size 4 bytes, rt_memclr_w.o(.text), UNUSED)

<P><STRONG><a name="[fa]"></a>__rt_memclr_w</STRONG> (ARM, 84 bytes, Stack size 4 bytes, rt_memclr_w.o(.text), UNUSED)

<P><STRONG><a name="[aa]"></a>_memset_w</STRONG> (ARM, 0 bytes, Stack size unknown bytes, rt_memclr_w.o(.text), UNUSED)
<BR><BR>[Called By]<UL><LI><a href="#[a9]">&gt;&gt;</a>&nbsp;&nbsp;&nbsp;__rt_memclr
</UL>

<P><STRONG><a name="[23]"></a>__user_setup_stackheap</STRONG> (ARM, 96 bytes, Stack size 8 bytes, sys_stackheap_outer.o(.text))
<BR><BR>[Stack]<UL><LI>Max Depth = 8 + Unknown Stack Size
<LI>Call Chain = __user_setup_stackheap
</UL>
<BR>[Calls]<UL><LI><a href="#[ab]">&gt;&gt;</a>&nbsp;&nbsp;&nbsp;__user_perproc_libspace
<LI><a href="#[ac]">&gt;&gt;</a>&nbsp;&nbsp;&nbsp;__user_initial_stackheap
</UL>
<BR>[Called By]<UL><LI><a href="#[22]">&gt;&gt;</a>&nbsp;&nbsp;&nbsp;__rt_entry_sh
</UL>

<P><STRONG><a name="[27]"></a>exit</STRONG> (Thumb, 20 bytes, Stack size 8 bytes, exit.o(.text))
<BR><BR>[Stack]<UL><LI>Max Depth = 8 + Unknown Stack Size
<LI>Call Chain = exit
</UL>
<BR>[Calls]<UL><LI><a href="#[ae]">&gt;&gt;</a>&nbsp;&nbsp;&nbsp;__rt_exit (via Veneer)
<LI><a href="#[ad]">&gt;&gt;</a>&nbsp;&nbsp;&nbsp;_call_atexit_fns (Weak Reference)
</UL>
<BR>[Called By]<UL><LI><a href="#[26]">&gt;&gt;</a>&nbsp;&nbsp;&nbsp;__rt_entry_main
</UL>

<P><STRONG><a name="[fb]"></a>__user_libspace</STRONG> (ARM, 12 bytes, Stack size 0 bytes, libspace.o(.text), UNUSED)

<P><STRONG><a name="[ab]"></a>__user_perproc_libspace</STRONG> (ARM, 0 bytes, Stack size 0 bytes, libspace.o(.text))
<BR><BR>[Called By]<UL><LI><a href="#[23]">&gt;&gt;</a>&nbsp;&nbsp;&nbsp;__user_setup_stackheap
</UL>

<P><STRONG><a name="[fc]"></a>__user_perthread_libspace</STRONG> (ARM, 0 bytes, Stack size 0 bytes, libspace.o(.text), UNUSED)

<P><STRONG><a name="[2b]"></a>_sys_exit</STRONG> (Thumb, 8 bytes, Stack size 0 bytes, sys_exit.o(.text))
<BR><BR>[Called By]<UL><LI><a href="#[2a]">&gt;&gt;</a>&nbsp;&nbsp;&nbsp;__rt_exit_exit (via Veneer)
</UL>

<P><STRONG><a name="[fd]"></a>__I$use$semihosting</STRONG> (ARM, 0 bytes, Stack size 0 bytes, use_no_semi.o(.text), UNUSED)

<P><STRONG><a name="[fe]"></a>__use_no_semihosting_swi</STRONG> (ARM, 4 bytes, Stack size 0 bytes, use_no_semi.o(.text), UNUSED)

<P><STRONG><a name="[ff]"></a>__semihosting_library_function</STRONG> (ARM, 0 bytes, Stack size unknown bytes, indicate_semi.o(.text), UNUSED)

<P><STRONG><a name="[100]"></a>__aeabi_uidiv</STRONG> (ARM, 0 bytes, Stack size 0 bytes, aeabi_sdiv.o(.text_udiv), UNUSED)

<P><STRONG><a name="[2d]"></a>__aeabi_uidivmod</STRONG> (ARM, 36 bytes, Stack size 0 bytes, aeabi_sdiv.o(.text_udiv))
<BR><BR>[Calls]<UL><LI><a href="#[b2]">&gt;&gt;</a>&nbsp;&nbsp;&nbsp;__arm_div_large
<LI><a href="#[af]">&gt;&gt;</a>&nbsp;&nbsp;&nbsp;__arm_div2
<LI><a href="#[b0]">&gt;&gt;</a>&nbsp;&nbsp;&nbsp;__arm_div5
<LI><a href="#[b1]">&gt;&gt;</a>&nbsp;&nbsp;&nbsp;__arm_div8
</UL>
<BR>[Called By]<UL><LI><a href="#[82]">&gt;&gt;</a>&nbsp;&nbsp;&nbsp;xQueueGenericReset (via Veneer)
<LI><a href="#[7a]">&gt;&gt;</a>&nbsp;&nbsp;&nbsp;vTaskGetRunTimeStats (via Veneer)
<LI><a href="#[3a]">&gt;&gt;</a>&nbsp;&nbsp;&nbsp;xQueueGenericCreate (via Veneer)
<LI><a href="#[2c]">&gt;&gt;</a>&nbsp;&nbsp;&nbsp;xSerialPortInitMinimal (via Veneer)
</UL>

<P><STRONG><a name="[95]"></a>vPortStartFirstTask</STRONG> (ARM, 0 bytes, Stack size unknown bytes, portasm.o(PORT_ASM))
<BR><BR>[Called By]<UL><LI><a href="#[62]">&gt;&gt;</a>&nbsp;&nbsp;&nbsp;xPortStartScheduler (via Veneer)
</UL>

<P><STRONG><a name="[45]"></a>vPortYield</STRONG> (ARM, 0 bytes, Stack size unknown bytes, portasm.o(PORT_ASM))
<BR><BR>[Called By]<UL><LI><a href="#[8e]">&gt;&gt;</a>&nbsp;&nbsp;&nbsp;xQueuePeek (via Veneer)
<LI><a href="#[8d]">&gt;&gt;</a>&nbsp;&nbsp;&nbsp;xQueueSemaphoreTake (via Veneer)
<LI><a href="#[82]">&gt;&gt;</a>&nbsp;&nbsp;&nbsp;xQueueGenericReset (via Veneer)
<LI><a href="#[7d]">&gt;&gt;</a>&nbsp;&nbsp;&nbsp;xTaskGenericNotify (via Veneer)
<LI><a href="#[7c]">&gt;&gt;</a>&nbsp;&nbsp;&nbsp;xTaskGenericNotifyWait (via Veneer)
<LI><a href="#[7b]">&gt;&gt;</a>&nbsp;&nbsp;&nbsp;ulTaskGenericNotifyTake (via Veneer)
<LI><a href="#[5d]">&gt;&gt;</a>&nbsp;&nbsp;&nbsp;vTaskResume (via Veneer)
<LI><a href="#[5c]">&gt;&gt;</a>&nbsp;&nbsp;&nbsp;vTaskSuspend (via Veneer)
<LI><a href="#[58]">&gt;&gt;</a>&nbsp;&nbsp;&nbsp;vTaskPrioritySet (via Veneer)
<LI><a href="#[55]">&gt;&gt;</a>&nbsp;&nbsp;&nbsp;vTaskDelay (via Veneer)
<LI><a href="#[52]">&gt;&gt;</a>&nbsp;&nbsp;&nbsp;xTaskResumeAll (via Veneer)
<LI><a href="#[4e]">&gt;&gt;</a>&nbsp;&nbsp;&nbsp;vTaskDelete (via Veneer)
<LI><a href="#[14]">&gt;&gt;</a>&nbsp;&nbsp;&nbsp;prvIdleTask (via Veneer)
<LI><a href="#[41]">&gt;&gt;</a>&nbsp;&nbsp;&nbsp;prvAddNewTaskToReadyList (via Veneer)
<LI><a href="#[32]">&gt;&gt;</a>&nbsp;&nbsp;&nbsp;xTaskDelayUntil (via Veneer)
<LI><a href="#[34]">&gt;&gt;</a>&nbsp;&nbsp;&nbsp;xQueueReceive (via Veneer)
<LI><a href="#[35]">&gt;&gt;</a>&nbsp;&nbsp;&nbsp;xQueueGenericSend (via Veneer)
</UL>

<P><STRONG><a name="[5]"></a>vPortYieldProcessor</STRONG> (ARM, 0 bytes, Stack size unknown bytes, portasm.o(PORT_ASM))
<BR>[Address Reference Count : 1]<UL><LI> startup.o(RESET)
</UL>
<P><STRONG><a name="[15]"></a>vPreemptiveTick</STRONG> (ARM, 0 bytes, Stack size unknown bytes, portasm.o(PORT_ASM))
<BR>[Address Reference Count : 1]<UL><LI> port.o(.text)
</UL>
<P><STRONG><a name="[6c]"></a>__ARM_common_call_via_r1</STRONG> (Thumb, 2 bytes, Stack size 0 bytes, tasks.o(i.__ARM_common_call_via_r1), UNUSED)
<BR><BR>[Called By]<UL><LI><a href="#[99]">&gt;&gt;</a>&nbsp;&nbsp;&nbsp;__printf
<LI><a href="#[6b]">&gt;&gt;</a>&nbsp;&nbsp;&nbsp;xTaskCallApplicationTaskHook
</UL>

<P><STRONG><a name="[9b]"></a>__ARM_common_call_via_r2</STRONG> (Thumb, 2 bytes, Stack size 0 bytes, __printf.o(i.__ARM_common_call_via_r2))
<BR><BR>[Called By]<UL><LI><a href="#[a2]">&gt;&gt;</a>&nbsp;&nbsp;&nbsp;_printf_int_common
<LI><a href="#[9c]">&gt;&gt;</a>&nbsp;&nbsp;&nbsp;_printf_str
<LI><a href="#[99]">&gt;&gt;</a>&nbsp;&nbsp;&nbsp;__printf
</UL>

<P><STRONG><a name="[61]"></a>__ARM_common_disable_irq</STRONG> (ARM, 20 bytes, Stack size 0 bytes, tasks.o(i.__ARM_common_disable_irq))
<BR><BR>[Called By]<UL><LI><a href="#[42]">&gt;&gt;</a>&nbsp;&nbsp;&nbsp;vPortEnterCritical (via Veneer)
<LI><a href="#[63]">&gt;&gt;</a>&nbsp;&nbsp;&nbsp;vTaskEndScheduler (via Veneer)
<LI><a href="#[3c]">&gt;&gt;</a>&nbsp;&nbsp;&nbsp;vTaskStartScheduler (via Veneer)
</UL>

<P><STRONG><a name="[96]"></a>__ARM_common_enable_irq</STRONG> (ARM, 16 bytes, Stack size 0 bytes, port.o(i.__ARM_common_enable_irq))
<BR><BR>[Called By]<UL><LI><a href="#[44]">&gt;&gt;</a>&nbsp;&nbsp;&nbsp;vPortExitCritical (via Veneer)
</UL>

<P><STRONG><a name="[78]"></a>__ARM_common_switch8</STRONG> (ARM, 32 bytes, Stack size 0 bytes, tasks.o(i.__ARM_common_switch8), UNUSED)
<BR><BR>[Called By]<UL><LI><a href="#[7e]">&gt;&gt;</a>&nbsp;&nbsp;&nbsp;xTaskGenericNotifyFromISR (via Veneer)
<LI><a href="#[7d]">&gt;&gt;</a>&nbsp;&nbsp;&nbsp;xTaskGenericNotify (via Veneer)
<LI><a href="#[77]">&gt;&gt;</a>&nbsp;&nbsp;&nbsp;vTaskList (via Veneer)
</UL>

<P><STRONG><a name="[5a]"></a>__aeabi_fdiv</STRONG> (ARM, 0 bytes, Stack size 16 bytes, fdiv.o(x$fpl$fdiv))
<BR><BR>[Stack]<UL><LI>Max Depth = 16<LI>Call Chain = __aeabi_fdiv
</UL>
<BR>[Called By]<UL><LI><a href="#[18]">&gt;&gt;</a>&nbsp;&nbsp;&nbsp;vTaskSwitchContext (via Veneer)
</UL>

<P><STRONG><a name="[b3]"></a>_fdiv</STRONG> (ARM, 396 bytes, Stack size 16 bytes, fdiv.o(x$fpl$fdiv), UNUSED)
<BR><BR>[Calls]<UL><LI><a href="#[b4]">&gt;&gt;</a>&nbsp;&nbsp;&nbsp;__fpl_fretinf
<LI><a href="#[b5]">&gt;&gt;</a>&nbsp;&nbsp;&nbsp;__fpl_fnaninf
</UL>

<P><STRONG><a name="[5b]"></a>__aeabi_f2iz</STRONG> (ARM, 0 bytes, Stack size 16 bytes, ffix.o(x$fpl$ffix))
<BR><BR>[Stack]<UL><LI>Max Depth = 16<LI>Call Chain = __aeabi_f2iz
</UL>
<BR>[Called By]<UL><LI><a href="#[18]">&gt;&gt;</a>&nbsp;&nbsp;&nbsp;vTaskSwitchContext (via Veneer)
</UL>

<P><STRONG><a name="[b6]"></a>_ffix</STRONG> (ARM, 68 bytes, Stack size 16 bytes, ffix.o(x$fpl$ffix), UNUSED)
<BR><BR>[Calls]<UL><LI><a href="#[b5]">&gt;&gt;</a>&nbsp;&nbsp;&nbsp;__fpl_fnaninf
</UL>

<P><STRONG><a name="[59]"></a>__aeabi_i2f</STRONG> (ARM, 0 bytes, Stack size 0 bytes, fflt_noclz.o(x$fpl$fflt))
<BR><BR>[Called By]<UL><LI><a href="#[18]">&gt;&gt;</a>&nbsp;&nbsp;&nbsp;vTaskSwitchContext (via Veneer)
</UL>

<P><STRONG><a name="[101]"></a>_fflt</STRONG> (ARM, 92 bytes, Stack size 0 bytes, fflt_noclz.o(x$fpl$fflt), UNUSED)

<P><STRONG><a name="[102]"></a>__fflt_normalise</STRONG> (ARM, 0 bytes, Stack size unknown bytes, fflt_noclz.o(x$fpl$fflt), UNUSED)

<P><STRONG><a name="[b5]"></a>__fpl_fnaninf</STRONG> (ARM, 168 bytes, Stack size 8 bytes, fnaninf.o(x$fpl$fnaninf), UNUSED)
<BR><BR>[Called By]<UL><LI><a href="#[b6]">&gt;&gt;</a>&nbsp;&nbsp;&nbsp;_ffix
<LI><a href="#[b3]">&gt;&gt;</a>&nbsp;&nbsp;&nbsp;_fdiv
</UL>

<P><STRONG><a name="[b4]"></a>__fpl_fretinf</STRONG> (ARM, 16 bytes, Stack size 0 bytes, fretinf.o(x$fpl$fretinf), UNUSED)
<BR><BR>[Called By]<UL><LI><a href="#[b3]">&gt;&gt;</a>&nbsp;&nbsp;&nbsp;_fdiv
</UL>
<P>
<H3>
Local Symbols
</H3>
<P><STRONG><a name="[4]"></a>Undef_Handler</STRONG> (ARM, 4 bytes, Stack size unknown bytes, startup.o(RESET))
<BR><BR>[Calls]<UL><LI><a href="#[4]">&gt;&gt;</a>&nbsp;&nbsp;&nbsp;Undef_Handler
</UL>
<BR>[Called By]<UL><LI><a href="#[4]">&gt;&gt;</a>&nbsp;&nbsp;&nbsp;Undef_Handler
</UL>
<BR>[Address Reference Count : 1]<UL><LI> startup.o(RESET)
</UL>
<P><STRONG><a name="[6]"></a>PAbt_Handler</STRONG> (ARM, 4 bytes, Stack size unknown bytes, startup.o(RESET))
<BR><BR>[Calls]<UL><LI><a href="#[6]">&gt;&gt;</a>&nbsp;&nbsp;&nbsp;PAbt_Handler
</UL>
<BR>[Called By]<UL><LI><a href="#[6]">&gt;&gt;</a>&nbsp;&nbsp;&nbsp;PAbt_Handler
</UL>
<BR>[Address Reference Count : 1]<UL><LI> startup.o(RESET)
</UL>
<P><STRONG><a name="[7]"></a>DAbt_Handler</STRONG> (ARM, 4 bytes, Stack size unknown bytes, startup.o(RESET))
<BR><BR>[Calls]<UL><LI><a href="#[7]">&gt;&gt;</a>&nbsp;&nbsp;&nbsp;DAbt_Handler
</UL>
<BR>[Called By]<UL><LI><a href="#[7]">&gt;&gt;</a>&nbsp;&nbsp;&nbsp;DAbt_Handler
</UL>
<BR>[Address Reference Count : 1]<UL><LI> startup.o(RESET)
</UL>
<P><STRONG><a name="[8]"></a>IRQ_Handler</STRONG> (ARM, 4 bytes, Stack size unknown bytes, startup.o(RESET))
<BR><BR>[Calls]<UL><LI><a href="#[8]">&gt;&gt;</a>&nbsp;&nbsp;&nbsp;IRQ_Handler
</UL>
<BR>[Called By]<UL><LI><a href="#[8]">&gt;&gt;</a>&nbsp;&nbsp;&nbsp;IRQ_Handler
</UL>
<BR>[Address Reference Count : 1]<UL><LI> startup.o(RESET)
</UL>
<P><STRONG><a name="[9]"></a>FIQ_Handler</STRONG> (ARM, 4 bytes, Stack size unknown bytes, startup.o(RESET))
<BR><BR>[Calls]<UL><LI><a href="#[9]">&gt;&gt;</a>&nbsp;&nbsp;&nbsp;FIQ_Handler
</UL>
<BR>[Called By]<UL><LI><a href="#[9]">&gt;&gt;</a>&nbsp;&nbsp;&nbsp;FIQ_Handler
</UL>
<BR>[Address Reference Count : 1]<UL><LI> startup.o(RESET)
</UL>
<P><STRONG><a name="[39]"></a>configTimer1</STRONG> (Thumb, 22 bytes, Stack size 0 bytes, main.o(.text))
<BR><BR>[Called By]<UL><LI><a href="#[37]">&gt;&gt;</a>&nbsp;&nbsp;&nbsp;prvSetupHardware
</UL>

<P><STRONG><a name="[37]"></a>prvSetupHardware</STRONG> (Thumb, 30 bytes, Stack size 8 bytes, main.o(.text))
<BR><BR>[Stack]<UL><LI>Max Depth = 24 + Unknown Stack Size
<LI>Call Chain = prvSetupHardware &rArr; xSerialPortInitMinimal
</UL>
<BR>[Calls]<UL><LI><a href="#[39]">&gt;&gt;</a>&nbsp;&nbsp;&nbsp;configTimer1
<LI><a href="#[2c]">&gt;&gt;</a>&nbsp;&nbsp;&nbsp;xSerialPortInitMinimal
<LI><a href="#[38]">&gt;&gt;</a>&nbsp;&nbsp;&nbsp;GPIO_init
</UL>
<BR>[Called By]<UL><LI><a href="#[b]">&gt;&gt;</a>&nbsp;&nbsp;&nbsp;main
</UL>

<P><STRONG><a name="[3f]"></a>prvInitialiseTaskLists</STRONG> (Thumb, 78 bytes, Stack size 8 bytes, tasks.o(.text))
<BR><BR>[Stack]<UL><LI>Max Depth = 8<LI>Call Chain = prvInitialiseTaskLists
</UL>
<BR>[Calls]<UL><LI><a href="#[40]">&gt;&gt;</a>&nbsp;&nbsp;&nbsp;vListInitialise
</UL>
<BR>[Called By]<UL><LI><a href="#[41]">&gt;&gt;</a>&nbsp;&nbsp;&nbsp;prvAddNewTaskToReadyList
</UL>

<P><STRONG><a name="[41]"></a>prvAddNewTaskToReadyList</STRONG> (Thumb, 126 bytes, Stack size 8 bytes, tasks.o(.text))
<BR><BR>[Stack]<UL><LI>Max Depth = 16 + Unknown Stack Size
<LI>Call Chain = prvAddNewTaskToReadyList &rArr; vPortExitCritical
</UL>
<BR>[Calls]<UL><LI><a href="#[45]">&gt;&gt;</a>&nbsp;&nbsp;&nbsp;vPortYield (via Veneer)
<LI><a href="#[44]">&gt;&gt;</a>&nbsp;&nbsp;&nbsp;vPortExitCritical
<LI><a href="#[42]">&gt;&gt;</a>&nbsp;&nbsp;&nbsp;vPortEnterCritical
<LI><a href="#[43]">&gt;&gt;</a>&nbsp;&nbsp;&nbsp;vListInsert
<LI><a href="#[3f]">&gt;&gt;</a>&nbsp;&nbsp;&nbsp;prvInitialiseTaskLists
</UL>
<BR>[Called By]<UL><LI><a href="#[4c]">&gt;&gt;</a>&nbsp;&nbsp;&nbsp;xTaskCreate
<LI><a href="#[3b]">&gt;&gt;</a>&nbsp;&nbsp;&nbsp;xTaskPeriodicCreate
</UL>

<P><STRONG><a name="[46]"></a>prvInitialiseNewTask</STRONG> (Thumb, 168 bytes, Stack size 40 bytes, tasks.o(.text))
<BR><BR>[Stack]<UL><LI>Max Depth = 48 + Unknown Stack Size
<LI>Call Chain = prvInitialiseNewTask &rArr; pxPortInitialiseStack
</UL>
<BR>[Calls]<UL><LI><a href="#[47]">&gt;&gt;</a>&nbsp;&nbsp;&nbsp;__aeabi_memset (via Veneer)
<LI><a href="#[48]">&gt;&gt;</a>&nbsp;&nbsp;&nbsp;vListInitialiseItem
<LI><a href="#[49]">&gt;&gt;</a>&nbsp;&nbsp;&nbsp;pxPortInitialiseStack
</UL>
<BR>[Called By]<UL><LI><a href="#[4c]">&gt;&gt;</a>&nbsp;&nbsp;&nbsp;xTaskCreate
<LI><a href="#[3b]">&gt;&gt;</a>&nbsp;&nbsp;&nbsp;xTaskPeriodicCreate
</UL>

<P><STRONG><a name="[4d]"></a>prvDeleteTCB</STRONG> (Thumb, 22 bytes, Stack size 8 bytes, tasks.o(.text))
<BR><BR>[Stack]<UL><LI>Max Depth = 80 + Unknown Stack Size
<LI>Call Chain = prvDeleteTCB &rArr; vPortFree &rArr; xTaskResumeAll &rArr; xTaskIncrementTick &rArr; xTaskGetTickCount &rArr; vPortExitCritical
</UL>
<BR>[Calls]<UL><LI><a href="#[4b]">&gt;&gt;</a>&nbsp;&nbsp;&nbsp;vPortFree
</UL>
<BR>[Called By]<UL><LI><a href="#[4e]">&gt;&gt;</a>&nbsp;&nbsp;&nbsp;vTaskDelete
<LI><a href="#[60]">&gt;&gt;</a>&nbsp;&nbsp;&nbsp;prvCheckTasksWaitingTermination
</UL>

<P><STRONG><a name="[51]"></a>prvResetNextTaskUnblockTime</STRONG> (Thumb, 44 bytes, Stack size 0 bytes, tasks.o(.text))
<BR><BR>[Called By]<UL><LI><a href="#[5c]">&gt;&gt;</a>&nbsp;&nbsp;&nbsp;vTaskSuspend
<LI><a href="#[52]">&gt;&gt;</a>&nbsp;&nbsp;&nbsp;xTaskResumeAll
<LI><a href="#[19]">&gt;&gt;</a>&nbsp;&nbsp;&nbsp;xTaskIncrementTick
<LI><a href="#[4e]">&gt;&gt;</a>&nbsp;&nbsp;&nbsp;vTaskDelete
</UL>

<P><STRONG><a name="[53]"></a>prvAddCurrentTaskToDelayedList</STRONG> (Thumb, 144 bytes, Stack size 24 bytes, tasks.o(.text))
<BR><BR>[Stack]<UL><LI>Max Depth = 28<LI>Call Chain = prvAddCurrentTaskToDelayedList &rArr; vListInsert
</UL>
<BR>[Calls]<UL><LI><a href="#[43]">&gt;&gt;</a>&nbsp;&nbsp;&nbsp;vListInsert
<LI><a href="#[4f]">&gt;&gt;</a>&nbsp;&nbsp;&nbsp;uxListRemove
</UL>
<BR>[Called By]<UL><LI><a href="#[7c]">&gt;&gt;</a>&nbsp;&nbsp;&nbsp;xTaskGenericNotifyWait
<LI><a href="#[7b]">&gt;&gt;</a>&nbsp;&nbsp;&nbsp;ulTaskGenericNotifyTake
<LI><a href="#[6e]">&gt;&gt;</a>&nbsp;&nbsp;&nbsp;vTaskPlaceOnUnorderedEventList
<LI><a href="#[6d]">&gt;&gt;</a>&nbsp;&nbsp;&nbsp;vTaskPlaceOnEventList
<LI><a href="#[55]">&gt;&gt;</a>&nbsp;&nbsp;&nbsp;vTaskDelay
<LI><a href="#[32]">&gt;&gt;</a>&nbsp;&nbsp;&nbsp;xTaskDelayUntil
</UL>

<P><STRONG><a name="[5e]"></a>prvTaskIsTaskSuspended</STRONG> (Thumb, 66 bytes, Stack size 4 bytes, tasks.o(.text), UNUSED)
<BR><BR>[Called By]<UL><LI><a href="#[5f]">&gt;&gt;</a>&nbsp;&nbsp;&nbsp;xTaskResumeFromISR
<LI><a href="#[5d]">&gt;&gt;</a>&nbsp;&nbsp;&nbsp;vTaskResume
</UL>

<P><STRONG><a name="[60]"></a>prvCheckTasksWaitingTermination</STRONG> (Thumb, 174 bytes, Stack size 8 bytes, tasks.o(.text))
<BR><BR>[Stack]<UL><LI>Max Depth = 88 + Unknown Stack Size
<LI>Call Chain = prvCheckTasksWaitingTermination &rArr; prvDeleteTCB &rArr; vPortFree &rArr; xTaskResumeAll &rArr; xTaskIncrementTick &rArr; xTaskGetTickCount &rArr; vPortExitCritical
</UL>
<BR>[Calls]<UL><LI><a href="#[44]">&gt;&gt;</a>&nbsp;&nbsp;&nbsp;vPortExitCritical
<LI><a href="#[42]">&gt;&gt;</a>&nbsp;&nbsp;&nbsp;vPortEnterCritical
<LI><a href="#[4f]">&gt;&gt;</a>&nbsp;&nbsp;&nbsp;uxListRemove
<LI><a href="#[4d]">&gt;&gt;</a>&nbsp;&nbsp;&nbsp;prvDeleteTCB
</UL>
<BR>[Called By]<UL><LI><a href="#[14]">&gt;&gt;</a>&nbsp;&nbsp;&nbsp;prvIdleTask
</UL>

<P><STRONG><a name="[14]"></a>prvIdleTask</STRONG> (Thumb, 94 bytes, Stack size 0 bytes, tasks.o(.text))
<BR><BR>[Stack]<UL><LI>Max Depth = 88 + Unknown Stack Size
<LI>Call Chain = prvIdleTask &rArr; prvCheckTasksWaitingTermination &rArr; prvDeleteTCB &rArr; vPortFree &rArr; xTaskResumeAll &rArr; xTaskIncrementTick &rArr; xTaskGetTickCount &rArr; vPortExitCritical
</UL>
<BR>[Calls]<UL><LI><a href="#[45]">&gt;&gt;</a>&nbsp;&nbsp;&nbsp;vPortYield (via Veneer)
<LI><a href="#[60]">&gt;&gt;</a>&nbsp;&nbsp;&nbsp;prvCheckTasksWaitingTermination
<LI><a href="#[30]">&gt;&gt;</a>&nbsp;&nbsp;&nbsp;xTaskGetTickCount
<LI><a href="#[3d]">&gt;&gt;</a>&nbsp;&nbsp;&nbsp;vApplicationIdleHook
</UL>
<BR>[Address Reference Count : 1]<UL><LI> tasks.o(.text)
</UL>
<P><STRONG><a name="[66]"></a>prvTaskCheckFreeStackSpace</STRONG> (Thumb, 24 bytes, Stack size 0 bytes, tasks.o(.text), UNUSED)
<BR><BR>[Called By]<UL><LI><a href="#[65]">&gt;&gt;</a>&nbsp;&nbsp;&nbsp;vTaskGetInfo
</UL>

<P><STRONG><a name="[67]"></a>prvListTasksWithinSingleList</STRONG> (Thumb, 110 bytes, Stack size 40 bytes, tasks.o(.text), UNUSED)
<BR><BR>[Calls]<UL><LI><a href="#[65]">&gt;&gt;</a>&nbsp;&nbsp;&nbsp;vTaskGetInfo
</UL>
<BR>[Called By]<UL><LI><a href="#[68]">&gt;&gt;</a>&nbsp;&nbsp;&nbsp;uxTaskGetSystemState
</UL>

<P><STRONG><a name="[74]"></a>prvWriteNameToBuffer</STRONG> (Thumb, 46 bytes, Stack size 16 bytes, tasks.o(.text), UNUSED)
<BR><BR>[Calls]<UL><LI><a href="#[76]">&gt;&gt;</a>&nbsp;&nbsp;&nbsp;strlen
<LI><a href="#[75]">&gt;&gt;</a>&nbsp;&nbsp;&nbsp;strcpy
</UL>
<BR>[Called By]<UL><LI><a href="#[7a]">&gt;&gt;</a>&nbsp;&nbsp;&nbsp;vTaskGetRunTimeStats
<LI><a href="#[77]">&gt;&gt;</a>&nbsp;&nbsp;&nbsp;vTaskList
</UL>

<P><STRONG><a name="[83]"></a>prvInitialiseNewQueue</STRONG> (Thumb, 48 bytes, Stack size 40 bytes, queue.o(.text))
<BR><BR>[Stack]<UL><LI>Max Depth = 84 + Unknown Stack Size
<LI>Call Chain = prvInitialiseNewQueue &rArr; xQueueGenericReset &rArr; xTaskRemoveFromEventList &rArr; vListInsert
</UL>
<BR>[Calls]<UL><LI><a href="#[82]">&gt;&gt;</a>&nbsp;&nbsp;&nbsp;xQueueGenericReset
</UL>
<BR>[Called By]<UL><LI><a href="#[3a]">&gt;&gt;</a>&nbsp;&nbsp;&nbsp;xQueueGenericCreate
</UL>

<P><STRONG><a name="[84]"></a>prvUnlockQueue</STRONG> (Thumb, 150 bytes, Stack size 16 bytes, queue.o(.text))
<BR><BR>[Stack]<UL><LI>Max Depth = 36<LI>Call Chain = prvUnlockQueue &rArr; xTaskRemoveFromEventList &rArr; vListInsert
</UL>
<BR>[Calls]<UL><LI><a href="#[44]">&gt;&gt;</a>&nbsp;&nbsp;&nbsp;vPortExitCritical
<LI><a href="#[42]">&gt;&gt;</a>&nbsp;&nbsp;&nbsp;vPortEnterCritical
<LI><a href="#[85]">&gt;&gt;</a>&nbsp;&nbsp;&nbsp;vTaskMissedYield
<LI><a href="#[6f]">&gt;&gt;</a>&nbsp;&nbsp;&nbsp;xTaskRemoveFromEventList
</UL>
<BR>[Called By]<UL><LI><a href="#[8e]">&gt;&gt;</a>&nbsp;&nbsp;&nbsp;xQueuePeek
<LI><a href="#[8d]">&gt;&gt;</a>&nbsp;&nbsp;&nbsp;xQueueSemaphoreTake
<LI><a href="#[34]">&gt;&gt;</a>&nbsp;&nbsp;&nbsp;xQueueReceive
<LI><a href="#[35]">&gt;&gt;</a>&nbsp;&nbsp;&nbsp;xQueueGenericSend
</UL>

<P><STRONG><a name="[86]"></a>prvIsQueueFull</STRONG> (Thumb, 34 bytes, Stack size 16 bytes, queue.o(.text))
<BR><BR>[Stack]<UL><LI>Max Depth = 24<LI>Call Chain = prvIsQueueFull &rArr; vPortExitCritical
</UL>
<BR>[Calls]<UL><LI><a href="#[44]">&gt;&gt;</a>&nbsp;&nbsp;&nbsp;vPortExitCritical
<LI><a href="#[42]">&gt;&gt;</a>&nbsp;&nbsp;&nbsp;vPortEnterCritical
</UL>
<BR>[Called By]<UL><LI><a href="#[35]">&gt;&gt;</a>&nbsp;&nbsp;&nbsp;xQueueGenericSend
</UL>

<P><STRONG><a name="[87]"></a>prvCopyDataToQueue</STRONG> (Thumb, 112 bytes, Stack size 24 bytes, queue.o(.text))
<BR><BR>[Stack]<UL><LI>Max Depth = 24<LI>Call Chain = prvCopyDataToQueue
</UL>
<BR>[Calls]<UL><LI><a href="#[88]">&gt;&gt;</a>&nbsp;&nbsp;&nbsp;__aeabi_memcpy (via Veneer)
</UL>
<BR>[Called By]<UL><LI><a href="#[89]">&gt;&gt;</a>&nbsp;&nbsp;&nbsp;xQueueGenericSendFromISR
<LI><a href="#[35]">&gt;&gt;</a>&nbsp;&nbsp;&nbsp;xQueueGenericSend
</UL>

<P><STRONG><a name="[8b]"></a>prvIsQueueEmpty</STRONG> (Thumb, 32 bytes, Stack size 16 bytes, queue.o(.text))
<BR><BR>[Stack]<UL><LI>Max Depth = 24<LI>Call Chain = prvIsQueueEmpty &rArr; vPortExitCritical
</UL>
<BR>[Calls]<UL><LI><a href="#[44]">&gt;&gt;</a>&nbsp;&nbsp;&nbsp;vPortExitCritical
<LI><a href="#[42]">&gt;&gt;</a>&nbsp;&nbsp;&nbsp;vPortEnterCritical
</UL>
<BR>[Called By]<UL><LI><a href="#[8e]">&gt;&gt;</a>&nbsp;&nbsp;&nbsp;xQueuePeek
<LI><a href="#[8d]">&gt;&gt;</a>&nbsp;&nbsp;&nbsp;xQueueSemaphoreTake
<LI><a href="#[34]">&gt;&gt;</a>&nbsp;&nbsp;&nbsp;xQueueReceive
</UL>

<P><STRONG><a name="[8c]"></a>prvCopyDataFromQueue</STRONG> (Thumb, 48 bytes, Stack size 16 bytes, queue.o(.text))
<BR><BR>[Stack]<UL><LI>Max Depth = 16<LI>Call Chain = prvCopyDataFromQueue
</UL>
<BR>[Calls]<UL><LI><a href="#[88]">&gt;&gt;</a>&nbsp;&nbsp;&nbsp;__aeabi_memcpy (via Veneer)
</UL>
<BR>[Called By]<UL><LI><a href="#[90]">&gt;&gt;</a>&nbsp;&nbsp;&nbsp;xQueuePeekFromISR
<LI><a href="#[8f]">&gt;&gt;</a>&nbsp;&nbsp;&nbsp;xQueueReceiveFromISR
<LI><a href="#[8e]">&gt;&gt;</a>&nbsp;&nbsp;&nbsp;xQueuePeek
<LI><a href="#[34]">&gt;&gt;</a>&nbsp;&nbsp;&nbsp;xQueueReceive
</UL>

<P><STRONG><a name="[94]"></a>prvSetupTimerInterrupt</STRONG> (Thumb, 60 bytes, Stack size 0 bytes, port.o(.text))
<BR><BR>[Called By]<UL><LI><a href="#[62]">&gt;&gt;</a>&nbsp;&nbsp;&nbsp;xPortStartScheduler
</UL>

<P><STRONG><a name="[97]"></a>prvHeapInit</STRONG> (Thumb, 38 bytes, Stack size 0 bytes, heap_2.o(.text))
<BR><BR>[Called By]<UL><LI><a href="#[4a]">&gt;&gt;</a>&nbsp;&nbsp;&nbsp;pvPortMalloc
</UL>

<P><STRONG><a name="[b1]"></a>__arm_div8</STRONG> (ARM, 0 bytes, Stack size unknown bytes, aeabi_sdiv.o(.text))
<BR><BR>[Called By]<UL><LI><a href="#[2d]">&gt;&gt;</a>&nbsp;&nbsp;&nbsp;__aeabi_uidivmod
</UL>

<P><STRONG><a name="[b0]"></a>__arm_div5</STRONG> (ARM, 0 bytes, Stack size unknown bytes, aeabi_sdiv.o(.text))
<BR><BR>[Called By]<UL><LI><a href="#[2d]">&gt;&gt;</a>&nbsp;&nbsp;&nbsp;__aeabi_uidivmod
</UL>

<P><STRONG><a name="[af]"></a>__arm_div2</STRONG> (ARM, 0 bytes, Stack size unknown bytes, aeabi_sdiv.o(.text))
<BR><BR>[Called By]<UL><LI><a href="#[2d]">&gt;&gt;</a>&nbsp;&nbsp;&nbsp;__aeabi_uidivmod
</UL>

<P><STRONG><a name="[b2]"></a>__arm_div_large</STRONG> (ARM, 0 bytes, Stack size unknown bytes, aeabi_sdiv.o(.text))
<BR><BR>[Called By]<UL><LI><a href="#[2d]">&gt;&gt;</a>&nbsp;&nbsp;&nbsp;__aeabi_uidivmod
</UL>

<P><STRONG><a name="[17]"></a>_printf_input_char</STRONG> (Thumb, 10 bytes, Stack size 0 bytes, _printf_char_common.o(.text))
<BR>[Address Reference Count : 1]<UL><LI> _printf_char_common.o(.text)
</UL><P>
<H3>
Undefined Global Symbols
</H3>
<P><STRONG><a name="[ad]"></a>_call_atexit_fns</STRONG> (ARM, 0 bytes, Stack size 0 bytes, UNDEFINED)
<BR><BR>[Called By]<UL><LI><a href="#[27]">&gt;&gt;</a>&nbsp;&nbsp;&nbsp;exit
</UL>

<P><STRONG><a name="[a7]"></a>_printf_mbtowc</STRONG> (ARM, 0 bytes, Stack size 0 bytes, UNDEFINED)
<BR><BR>[Called By]<UL><LI><a href="#[a6]">&gt;&gt;</a>&nbsp;&nbsp;&nbsp;_printf_cs_common
</UL>

<P><STRONG><a name="[9e]"></a>_printf_post_padding</STRONG> (ARM, 0 bytes, Stack size 0 bytes, UNDEFINED)
<BR><BR>[Called By]<UL><LI><a href="#[a2]">&gt;&gt;</a>&nbsp;&nbsp;&nbsp;_printf_int_common
<LI><a href="#[9c]">&gt;&gt;</a>&nbsp;&nbsp;&nbsp;_printf_str
</UL>

<P><STRONG><a name="[9d]"></a>_printf_pre_padding</STRONG> (ARM, 0 bytes, Stack size 0 bytes, UNDEFINED)
<BR><BR>[Called By]<UL><LI><a href="#[a2]">&gt;&gt;</a>&nbsp;&nbsp;&nbsp;_printf_int_common
<LI><a href="#[9c]">&gt;&gt;</a>&nbsp;&nbsp;&nbsp;_printf_str
</UL>

<P><STRONG><a name="[9f]"></a>_printf_truncate_signed</STRONG> (ARM, 0 bytes, Stack size 0 bytes, UNDEFINED)
<BR><BR>[Called By]<UL><LI><a href="#[1f]">&gt;&gt;</a>&nbsp;&nbsp;&nbsp;_printf_int_dec
</UL>

<P><STRONG><a name="[a0]"></a>_printf_truncate_unsigned</STRONG> (ARM, 0 bytes, Stack size 0 bytes, UNDEFINED)
<BR><BR>[Called By]<UL><LI><a href="#[1f]">&gt;&gt;</a>&nbsp;&nbsp;&nbsp;_printf_int_dec
</UL>
<HR></body></html>
