<html>
<body>
<pre>
<h1>µVision Build Log</h1>
<h2>Tool Versions:</h2>
IDE-Version: µVision V5.29.0.0
Copyright (C) 2019 ARM Ltd and ARM Germany GmbH. All rights reserved.
License Information: Ahmed Ahmed Elshehry, ahmedelshehry, LIC=----
 
Tool Versions:
Toolchain:       MDK-Lite  Version: 5.29.0.0
Toolchain Path:  F:\keil_529\Keil_v5\ARM\ARMCC\Bin
C Compiler:      Armcc.exe V5.06 update 6 (build 750)
Assembler:       Armasm.exe V5.06 update 6 (build 750)
Linker/Locator:  ArmLink.exe V5.06 update 6 (build 750)
Library Manager: ArmAr.exe V5.06 update 6 (build 750)
Hex Converter:   FromElf.exe V5.06 update 6 (build 750)
CPU DLL:         SARM.DLL V5.29.0.0
Dialog DLL:      DARMP.DLL V1.53.0.0
Target DLL:      UL2ARM.DLL V1.74.10.0
Dialog DLL:      TARMP.DLL V1.53.0.0
 
<h2>Project:</h2>
E:\cources\Embeded_system\Embedded_Systems_Advanced_Program_udacity\Tools\FreeRTOSv202112.00\FreeRTOSv202112.00\FreeRTOS\Demo\ARM7_LPC2129_Keil_RVDS\RTOSDemo.uvproj
Project File Date:  09/14/2022

<h2>Output:</h2>
*** Using Compiler 'V5.06 update 6 (build 750)', folder: 'F:\keil_529\Keil_v5\ARM\ARMCC\Bin'
Rebuild target 'RTOSDemo_THUMB'
compiling ParTest.c...
compiling queue.c...
compiling GPIO.c...
Starter_Files_V1\Starter_Files_V1\source\GPIO.c(49): warning:  #127-D: expected a statement
  		}
Starter_Files_V1\Starter_Files_V1\source\GPIO.c: 1 warning, 0 errors
assembling Startup.s...
compiling port.c...
compiling GPIO_cfg.c...
compiling list.c...
assembling serialISR.s...
compiling serial.c...
Starter_Files_V1\Starter_Files_V1\source\serial.c(185): warning:  #550-D: variable "cChar"  was set but never used
  signed char cChar;
Starter_Files_V1\Starter_Files_V1\source\serial.c: 1 warning, 0 errors
compiling main.c...
Starter_Files_V1\Starter_Files_V1\source\main.c(128): warning:  #167-D: argument of type "int *" is incompatible with parameter of type "TickType_t *const"
  		vTaskDelayUntil( &xLastWakeTime , 50); 
Starter_Files_V1\Starter_Files_V1\source\main.c(100): warning:  #550-D: variable "Edge_Flag_tobe"  was set but never used
    char Edge_Flag_tobe = 0;
Starter_Files_V1\Starter_Files_V1\source\main.c(169): warning:  #167-D: argument of type "int *" is incompatible with parameter of type "TickType_t *const"
  		vTaskDelayUntil( &xLastWakeTime , 50);
Starter_Files_V1\Starter_Files_V1\source\main.c(141): warning:  #550-D: variable "Edge_Flag_tobe"  was set but never used
    char Edge_Flag_tobe = 0;
Starter_Files_V1\Starter_Files_V1\source\main.c(272): warning:  #223-D: function "xTaskPeriodicCreate" declared implicitly
     xTaskPeriodicCreate(
Starter_Files_V1\Starter_Files_V1\source\main.c: 5 warnings, 0 errors
assembling portASM.s...
compiling heap_2.c...
compiling tasks.c...
linking...
Program Size: Code=11536 RO-data=32 RW-data=212 ZI-data=15380  
FromELF: creating hex file...
".\bin\RTOSDemo.axf" - 0 Error(s), 7 Warning(s).
Build Time Elapsed:  00:00:01
</pre>
</body>
</html>
